Component: ARM Compiler 5.06 update 7 (build 960) Tool: armlink [4d3601]

==============================================================================

Section Cross References

    http_server_cgi.o(.text) refers to net_http_server.o(i.netCGI_GetEnvVar) for netCGI_GetEnvVar
    http_server_cgi.o(.text) refers to net_addr.o(i.netIP_aton) for netIP_aton
    http_server_cgi.o(.text) refers to net_sys.o(i.netIF_SetOption) for netIF_SetOption
    http_server_cgi.o(.text) refers to leds_1.o(.text) for LED_SetOut
    http_server_cgi.o(.text) refers to strcmp.o(.text) for strcmp
    http_server_cgi.o(.text) refers to rtx_thread.o(.text) for osThreadFlagsSet
    http_server_cgi.o(.text) refers to strncmp.o(.text) for strncmp
    http_server_cgi.o(.text) refers to net_http_server.o(i.netHTTPs_LoginActive) for netHTTPs_LoginActive
    http_server_cgi.o(.text) refers to strcpy.o(.text) for strcpy
    http_server_cgi.o(.text) refers to net_http_server.o(i.netHTTPs_SetPassword) for netHTTPs_SetPassword
    http_server_cgi.o(.text) refers to net_sys.o(i.netIF_GetOption) for netIF_GetOption
    http_server_cgi.o(.text) refers to net_addr.o(i.netIP_ntoa) for netIP_ntoa
    http_server_cgi.o(.text) refers to printfa.o(i.__0sprintf) for __2sprintf
    http_server_cgi.o(.text) refers to net_tcp.o(i.netTCP_GetState) for netTCP_GetState
    http_server_cgi.o(.text) refers to net_tcp.o(i.netTCP_GetLocalPort) for netTCP_GetLocalPort
    http_server_cgi.o(.text) refers to net_tcp.o(i.netTCP_GetPeer) for netTCP_GetPeer
    http_server_cgi.o(.text) refers to net_tcp.o(i.netTCP_GetTimer) for netTCP_GetTimer
    http_server_cgi.o(.text) refers to net_http_server.o(i.netHTTPs_GetPassword) for netHTTPs_GetPassword
    http_server_cgi.o(.text) refers to http_server_cgi.o(.bss) for ip_addr
    http_server_cgi.o(.text) refers to http_server_cgi.o(.data) for P2
    http_server_cgi.o(.text) refers to http_server.o(.data) for LEDrun
    http_server_cgi.o(.text) refers to button.o(.data) for tid_ThreadPulsacion
    http_server_cgi.o(.text) refers to http_server_cgi.o(.conststring) for .conststring
    http_server_cgi.o(.text) refers to net_http_server.o(i.netHTTPs_GetLanguage) for netHTTPs_GetLanguage
    http_server_cgi.o(.text) refers to http_server.o(.text) for AD_in
    http_server_cgi.o(.text) refers to ffltui.o(.text) for __aeabi_ui2f
    http_server_cgi.o(.text) refers to fmul.o(.text) for __aeabi_fmul
    http_server_cgi.o(.text) refers to f2d.o(.text) for __aeabi_f2d
    http_server_cgi.o(.text) refers to ddiv.o(.text) for __aeabi_ddiv
    http_server_cgi.o(.text) refers to rtc_1.o(.bss) for showtime
    http_server.o(.text) refers to adc.o(.text) for ADC_getVoltage
    http_server.o(.text) refers to rtx_thread.o(.text) for osThreadFlagsSet
    http_server.o(.text) refers to rtx_delay.o(.text) for osDelay
    http_server.o(.text) refers to lcd_1.o(.text) for LCD_clean
    http_server.o(.text) refers to printfa.o(i.__0sprintf) for __2sprintf
    http_server.o(.text) refers to leds_1.o(.text) for LED_SetOut
    http_server.o(.text) refers to stm32f4xx_hal_gpio.o(.text) for HAL_GPIO_WritePin
    http_server.o(.text) refers to rc522.o(.text) for Init_Thread_RC522
    http_server.o(.text) refers to net_sys.o(i.netInitialize) for netInitialize
    http_server.o(.text) refers to adc.o(.bss) for hadc
    http_server.o(.text) refers to http_server.o(.data) for TID_Display
    http_server.o(.text) refers to http_server.o(.bss) for buf
    http_server.o(.text) refers to rtc_1.o(.data) for alarm
    http_server.o(.text) refers to sntp.o(.data) for sntp_hour
    http_server.o(.constdata) refers to http_server.o(.bss) for app_main_stk
    main.o(.text) refers to rtx_kernel.o(.text) for osKernelGetState
    main.o(.text) refers to stm32f4xx_hal_rcc.o(.text) for HAL_RCC_OscConfig
    main.o(.text) refers to stm32f4xx_hal.o(.text) for HAL_GetREVID
    main.o(.text) refers to system_stm32f4xx.o(.text) for SystemCoreClockUpdate
    main.o(.text) refers to adc.o(.text) for ADC1_pins_F429ZI_config
    main.o(.text) refers to rtx_thread.o(.text) for osThreadNew
    main.o(.text) refers to system_stm32f4xx.o(.data) for SystemCoreClock
    main.o(.text) refers to main.o(.data) for ticks
    main.o(.text) refers to adc.o(.bss) for hadc
    main.o(.text) refers to http_server.o(.constdata) for app_main_attr
    main.o(.text) refers to http_server.o(.text) for app_main
    web.o(.text) refers to web.o(.constdata) for imageFileTable
    lcd_1.o(.text) refers to stm32f4xx_hal_tim.o(.text) for HAL_TIM_Base_Init
    lcd_1.o(.text) refers to stm32f4xx_hal_gpio.o(.text) for HAL_GPIO_WritePin
    lcd_1.o(.text) refers to lcd_1.o(.bss) for TIM7_Handler
    lcd_1.o(.text) refers to lcd_1.o(.data) for SPIdrv
    lcd_1.o(.text) refers to lcd_1.o(.constdata) for Arial12x12
    lcd_1.o(.text) refers to strlen.o(.text) for strlen
    lcd_1.o(.text) refers to memseta.o(.text) for __aeabi_memclr4
    lcd_1.o(.data) refers to spi_stm32f4xx.o(.constdata) for Driver_SPI1
[...]
    netIP_aton                               0x0801777d   Thumb Code    26  net_addr.o(i.netIP_aton)
    netIP_ntoa                               0x08017797   Thumb Code    50  net_addr.o(i.netIP_ntoa)
    netInitialize                            0x080177c9   Thumb Code   156  net_sys.o(i.netInitialize)
    netMAC_aton                              0x08017875   Thumb Code   140  net_addr.o(i.netMAC_aton)
    netSNTPc_GetTime                         0x08017901   Thumb Code    28  net_sntp_client_core.o(i.netSNTPc_GetTime)
    netTCP_GetLocalPort                      0x0801791d   Thumb Code     4  net_tcp.o(i.netTCP_GetLocalPort)
    netTCP_GetPeer                           0x08017921   Thumb Code    32  net_tcp.o(i.netTCP_GetPeer)
    netTCP_GetState                          0x08017941   Thumb Code     4  net_tcp.o(i.netTCP_GetState)
    netTCP_GetTimer                          0x08017945   Thumb Code     4  net_tcp.o(i.netTCP_GetTimer)
    net_addr4_aton                           0x08017949   Thumb Code   124  net_addr.o(i.net_addr4_aton)
    net_addr4_to_mac                         0x080179c5   Thumb Code    30  net_addr.o(i.net_addr4_to_mac)
    net_addr6_aton                           0x080179e5   Thumb Code   230  net_addr.o(i.net_addr6_aton)
    net_addr6_comp                           0x08017acb   Thumb Code    40  net_addr.o(i.net_addr6_comp)
    net_addr6_copy                           0x08017af3   Thumb Code    18  net_addr.o(i.net_addr6_copy)
    net_addr6_create                         0x08017b05   Thumb Code    70  net_addr.o(i.net_addr6_create)
    net_addr6_get_solicited                  0x08017b51   Thumb Code    34  net_addr.o(i.net_addr6_get_solicited)
    net_addr6_is_linklocal                   0x08017b79   Thumb Code    24  net_addr.o(i.net_addr6_is_linklocal)
    net_addr6_is_onlink                      0x08017b91   Thumb Code   110  net_addr.o(i.net_addr6_is_onlink)
    net_addr6_is_solicited                   0x08017bff   Thumb Code    72  net_addr.o(i.net_addr6_is_solicited)
    net_addr6_is_unspec                      0x08017c47   Thumb Code    24  net_addr.o(i.net_addr6_is_unspec)
    net_addr6_to_mac                         0x08017c5f   Thumb Code    14  net_addr.o(i.net_addr6_to_mac)
    net_addr_comp                            0x08017c6d   Thumb Code    44  net_addr.o(i.net_addr_comp)
    net_addr_copy                            0x08017c99   Thumb Code    38  net_addr.o(i.net_addr_copy)
    net_addr_find_route                      0x08017cbf   Thumb Code    26  net_addr.o(i.net_addr_find_route)
    net_addr_get_local                       0x08017cd9   Thumb Code    26  net_addr.o(i.net_addr_get_local)
    net_addr_is_unspec                       0x08017cf9   Thumb Code    34  net_addr.o(i.net_addr_is_unspec)
    net_arp_cache_add                        0x08017d1d   Thumb Code   276  net_arp.o(i.net_arp_cache_add)
    net_arp_cache_early                      0x08017e39   Thumb Code   180  net_arp.o(i.net_arp_cache_early)
    net_arp_cache_find                       0x08017ef5   Thumb Code   224  net_arp.o(i.net_arp_cache_find)
    net_arp_cache_init                       0x08017fe1   Thumb Code    64  net_arp.o(i.net_arp_cache_init)
    net_arp_cache_run                        0x08018029   Thumb Code    22  net_arp.o(i.net_arp_cache_run)
    net_arp_cache_uninit                     0x08018045   Thumb Code    56  net_arp.o(i.net_arp_cache_uninit)
    net_arp_enqueue                          0x08018085   Thumb Code   114  net_arp.o(i.net_arp_enqueue)
    net_arp_notify                           0x080180fd   Thumb Code    32  net_arp.o(i.net_arp_notify)
    net_arp_process                          0x0801811d   Thumb Code   536  net_arp.o(i.net_arp_process)
    net_atoi                                 0x08018341   Thumb Code    66  net_common.o(i.net_atoi)
    net_base64_decode                        0x08018385   Thumb Code   114  net_base64.o(i.net_base64_decode)
    net_chksum_buf                           0x080183fd   Thumb Code    48  net_common.o(i.net_chksum_buf)
    net_crc_buf                              0x0801842d   Thumb Code    30  net_common.o(i.net_crc_buf)
    net_eth_callback                         0x0801844b   Thumb Code    14  net_eth.o(i.net_eth_callback)
    net_eth_config_mcast                     0x08018459   Thumb Code   104  net_eth.o(i.net_eth_config_mcast)
    net_eth_get_option                       0x080184c1   Thumb Code   234  net_eth.o(i.net_eth_get_option)
    net_eth_iface_init                       0x080185ad   Thumb Code    22  net_eth.o(i.net_eth_iface_init)
    net_eth_iface_run                        0x080185c9   Thumb Code    22  net_eth.o(i.net_eth_iface_run)
    net_eth_iface_uninit                     0x080185e5   Thumb Code    22  net_eth.o(i.net_eth_iface_uninit)
    net_eth_output                           0x08018601   Thumb Code   164  net_eth.o(i.net_eth_output)
    net_eth_send_frame                       0x080186a9   Thumb Code   462  net_eth.o(i.net_eth_send_frame)
    net_eth_set_option                       0x08018889   Thumb Code   610  net_eth.o(i.net_eth_set_option)
    net_http_server_init                     0x08018af9   Thumb Code   212  net_http_server.o(i.net_http_server_init)
    net_http_server_run                      0x08018be1   Thumb Code    30  net_http_server.o(i.net_http_server_run)
    net_http_server_uninit                   0x08018c09   Thumb Code    98  net_http_server.o(i.net_http_server_uninit)
    net_icmp6_init                           0x08018c79   Thumb Code    20  net_icmp6.o(i.net_icmp6_init)
    net_icmp6_process                        0x08018c91   Thumb Code   542  net_icmp6.o(i.net_icmp6_process)
    net_icmp6_send                           0x08018ec9   Thumb Code   122  net_icmp6.o(i.net_icmp6_send)
    net_icmp6_send_echo                      0x08018f4d   Thumb Code    78  net_icmp6.o(i.net_icmp6_send_echo)
    net_icmp_init                            0x08018fa5   Thumb Code    20  net_icmp.o(i.net_icmp_init)
    net_icmp_process                         0x08018fbd   Thumb Code   430  net_icmp.o(i.net_icmp_process)
    net_icmp_send_echo                       0x08019185   Thumb Code   142  net_icmp.o(i.net_icmp_send_echo)
    net_if_map_all                           0x08019225   Thumb Code     6  net_sys.o(i.net_if_map_all)
    net_igmp_collect_mcast                   0x08019231   Thumb Code   104  net_igmp.o(i.net_igmp_collect_mcast)
    net_igmp_host_init                       0x0801929d   Thumb Code    68  net_igmp.o(i.net_igmp_host_init)
    net_igmp_host_run                        0x080192e5   Thumb Code    22  net_igmp.o(i.net_igmp_host_run)
    net_igmp_host_uninit                     0x08019301   Thumb Code    48  net_igmp.o(i.net_igmp_host_uninit)
    net_igmp_is_member                       0x08019339   Thumb Code    28  net_igmp.o(i.net_igmp_is_member)
    net_igmp_process                         0x08019359   Thumb Code   414  net_igmp.o(i.net_igmp_process)
    net_ip4_chk_frame                        0x08019505   Thumb Code   372  net_ip4.o(i.net_ip4_chk_frame)
    net_ip4_chksum                           0x08019691   Thumb Code    44  net_ip4.o(i.net_ip4_chksum)
    net_ip4_chksum_buf                       0x080196bd   Thumb Code     6  net_ip4.o(i.net_ip4_chksum_buf)
    net_ip4_find_route                       0x080196c5   Thumb Code   104  net_ip4.o(i.net_ip4_find_route)
    net_ip4_get_local                        0x08019745   Thumb Code    40  net_ip4.o(i.net_ip4_get_local)
    net_ip4_init                             0x08019771   Thumb Code    22  net_ip4.o(i.net_ip4_init)
    net_ip4_is_onlink                        0x08019795   Thumb Code    32  net_ip4.o(i.net_ip4_is_onlink)
    net_ip4_is_subcast                       0x080197b5   Thumb Code    38  net_ip4.o(i.net_ip4_is_subcast)
    net_ip4_reass_frame                      0x080197db   Thumb Code    14  net_ip4.o(i.net_ip4_reass_frame)
    net_ip4_send_frame                       0x080197e9   Thumb Code   340  net_ip4.o(i.net_ip4_send_frame)
    net_ip4_tx_offl_hl                       0x0801994d   Thumb Code    42  net_ip4.o(i.net_ip4_tx_offl_hl)
    net_ip4_uninit                           0x08019979   Thumb Code    22  net_ip4.o(i.net_ip4_uninit)
    net_ip6_chk_frame                        0x08019999   Thumb Code   236  net_ip6.o(i.net_ip6_chk_frame)
    net_ip6_chksum                           0x08019a99   Thumb Code    50  net_ip6.o(i.net_ip6_chksum)
    net_ip6_collect_mcast                    0x08019acd   Thumb Code   118  net_ip6.o(i.net_ip6_collect_mcast)
    net_ip6_find_route                       0x08019b49   Thumb Code    56  net_ip6.o(i.net_ip6_find_route)
    net_ip6_get_local                        0x08019b91   Thumb Code    74  net_ip6.o(i.net_ip6_get_local)
    net_ip6_init                             0x08019be5   Thumb Code    20  net_ip6.o(i.net_ip6_init)
    net_ip6_send_frame                       0x08019c01   Thumb Code   192  net_ip6.o(i.net_ip6_send_frame)
    net_ip6_tx_offl_hl                       0x08019ccd   Thumb Code    30  net_ip6.o(i.net_ip6_tx_offl_hl)
    net_ip6_uninit                           0x08019ced   Thumb Code    20  net_ip6.o(i.net_ip6_uninit)
    net_itoa                                 0x08019d09   Thumb Code     8  net_common.o(i.net_itoa)
    net_itoa_n0                              0x08019d11   Thumb Code     6  net_common.o(i.net_itoa_n0)
    net_loop_iface_init                      0x08019d19   Thumb Code    40  net_loopback.o(i.net_loop_iface_init)
    net_loop_iface_run                       0x08019d49   Thumb Code   176  net_loopback.o(i.net_loop_iface_run)
    net_loop_iface_uninit                    0x08019e05   Thumb Code    32  net_loopback.o(i.net_loop_iface_uninit)
    net_loop_send_frame                      0x08019e2d   Thumb Code   104  net_loopback.o(i.net_loop_send_frame)
    net_mem_alloc                            0x08019e9d   Thumb Code   178  net_mem.o(i.net_mem_alloc)
    net_mem_avail                            0x08019f5d   Thumb Code    22  net_mem.o(i.net_mem_avail)
    net_mem_free                             0x08019f79   Thumb Code   152  net_mem.o(i.net_mem_free)
    net_mem_init                             0x0801a01d   Thumb Code    98  net_mem.o(i.net_mem_init)
    net_mem_shrink                           0x0801a08d   Thumb Code    62  net_mem.o(i.net_mem_shrink)
    net_nbns_client_init                     0x0801a0d5   Thumb Code    82  net_nbns_client.o(i.net_nbns_client_init)
    net_nbns_client_uninit                   0x0801a139   Thumb Code    42  net_nbns_client.o(i.net_nbns_client_uninit)
    net_ndp_cache_find                       0x0801a171   Thumb Code   438  net_ndp.o(i.net_ndp_cache_find)
    net_ndp_cache_refresh                    0x0801a335   Thumb Code   112  net_ndp.o(i.net_ndp_cache_refresh)
    net_ndp_enqueue                          0x0801a3ad   Thumb Code   108  net_ndp.o(i.net_ndp_enqueue)
    net_ndp_process                          0x0801a41d   Thumb Code   872  net_ndp.o(i.net_ndp_process)
    net_path                                 0x0801a791   Thumb Code    52  net_sys.o(i.net_path)
    net_ping_client_init                     0x0801a7c9   Thumb Code    22  net_ping_core.o(i.net_ping_client_init)
    net_ping_client_run                      0x0801a7e9   Thumb Code   110  net_ping_core.o(i.net_ping_client_run)
    net_ping_client_uninit                   0x0801a869   Thumb Code    24  net_ping_core.o(i.net_ping_client_uninit)
    net_rand32                               0x0801a889   Thumb Code    18  net_sys.o(i.net_rand32)
    net_sntp_client_init                     0x0801a8a5   Thumb Code    80  net_sntp_client_core.o(i.net_sntp_client_init)
    net_sntp_client_run                      0x0801a901   Thumb Code    76  net_sntp_client_core.o(i.net_sntp_client_run)
    net_sntp_client_start                    0x0801a959   Thumb Code   312  net_sntp_client_core.o(i.net_sntp_client_start)
    net_sntp_client_uninit                   0x0801aaa1   Thumb Code    24  net_sntp_client_core.o(i.net_sntp_client_uninit)
    net_strcasecmp                           0x0801aac1   Thumb Code    46  net_common.o(i.net_strcasecmp)
    net_strchr                               0x0801aaef   Thumb Code    22  net_common.o(i.net_strchr)
    net_strcmp                               0x0801ab05   Thumb Code    26  net_common.o(i.net_strcmp)
    net_strcpy                               0x0801ab1f   Thumb Code    18  net_common.o(i.net_strcpy)
    net_strnchr                              0x0801ab31   Thumb Code    28  net_common.o(i.net_strnchr)
    net_strncpy                              0x0801ab4d   Thumb Code    26  net_common.o(i.net_strncpy)
    net_strtoupper                           0x0801ab67   Thumb Code    32  net_common.o(i.net_strtoupper)
    net_sys_lock                             0x0801ab89   Thumb Code     8  net_sys.o(i.net_sys_lock)
    net_sys_resume                           0x0801ab95   Thumb Code    22  net_sys.o(i.net_sys_resume)
    net_sys_tick                             0x0801abad   Thumb Code    16  net_sys.o(i.net_sys_tick)
    net_sys_unlock                           0x0801abc1   Thumb Code     8  net_sys.o(i.net_sys_unlock)
    net_sys_wakeup                           0x0801abcd   Thumb Code    26  net_sys.o(i.net_sys_wakeup)
    net_tcp_abort                            0x0801abed   Thumb Code   122  net_tcp.o(i.net_tcp_abort)
    net_tcp_close                            0x0801ac71   Thumb Code   218  net_tcp.o(i.net_tcp_close)
    net_tcp_get_buf                          0x0801ad55   Thumb Code    46  net_tcp.o(i.net_tcp_get_buf)
    net_tcp_get_local_port                   0x0801ad85   Thumb Code    48  net_tcp.o(i.net_tcp_get_local_port)
    net_tcp_get_mss                          0x0801adb9   Thumb Code    34  net_tcp.o(i.net_tcp_get_mss)
    net_tcp_get_peer                         0x0801ade1   Thumb Code    80  net_tcp.o(i.net_tcp_get_peer)
    net_tcp_get_socket                       0x0801ae35   Thumb Code   104  net_tcp.o(i.net_tcp_get_socket)
    net_tcp_get_state                        0x0801aea5   Thumb Code    40  net_tcp.o(i.net_tcp_get_state)
    net_tcp_get_timer                        0x0801aed1   Thumb Code    48  net_tcp.o(i.net_tcp_get_timer)
    net_tcp_listen                           0x0801af05   Thumb Code   168  net_tcp.o(i.net_tcp_listen)
    net_tcp_process                          0x0801afb5   Thumb Code  1956  net_tcp.o(i.net_tcp_process)
    net_tcp_send                             0x0801b75d   Thumb Code   336  net_tcp.o(i.net_tcp_send)
    net_tcp_set_option                       0x0801b8b9   Thumb Code   288  net_tcp.o(i.net_tcp_set_option)
    net_tcp_socket_init                      0x0801b9e5   Thumb Code    30  net_tcp.o(i.net_tcp_socket_init)
    net_tcp_socket_run                       0x0801ba0d   Thumb Code   938  net_tcp.o(i.net_tcp_socket_run)
    net_tcp_socket_uninit                    0x0801bdcd   Thumb Code    30  net_tcp.o(i.net_tcp_socket_uninit)
    net_udp_close                            0x0801bdf5   Thumb Code    62  net_udp.o(i.net_udp_close)
    net_udp_get_buf                          0x0801be3d   Thumb Code    46  net_udp.o(i.net_udp_get_buf)
    net_udp_get_socket                       0x0801be6d   Thumb Code   102  net_udp.o(i.net_udp_get_socket)
    net_udp_open                             0x0801bedd   Thumb Code   160  net_udp.o(i.net_udp_open)
    net_udp_process                          0x0801bf89   Thumb Code   322  net_udp.o(i.net_udp_process)
    net_udp_send                             0x0801c0e1   Thumb Code    18  net_udp.o(i.net_udp_send)
    net_udp_send_if                          0x0801c0f5   Thumb Code   540  net_udp.o(i.net_udp_send_if)
    net_udp_socket_init                      0x0801c321   Thumb Code    30  net_udp.o(i.net_udp_socket_init)
    net_udp_socket_uninit                    0x0801c345   Thumb Code    28  net_udp.o(i.net_udp_socket_uninit)
    net_ultoa                                0x0801c369   Thumb Code     8  net_common.o(i.net_ultoa)
    net_ultox                                0x0801c371   Thumb Code    44  net_common.o(i.net_ultox)
    net_xtoul                                0x0801c3a1   Thumb Code    76  net_common.o(i.net_xtoul)
    app_main_attr                            0x0801d02c   Data          36  http_server.o(.constdata)
    imageLastModified                        0x0801d050   Data           4  web.o(.constdata)
    Arial12x12                               0x080e91a8   Data        2400  lcd_1.o(.constdata)
    ntp_server                               0x080e9b08   Data           8  sntp.o(.constdata)
    irqRtxLib                                0x080e9b28   Data           1  irq_armv7m.o(.constdata)
    irqRtxLibRef                             0x080e9b8c   Data           4  rtx_lib.o(.constdata)
    osRtxUserSVC                             0x080e9b90   Data           4  rtx_lib.o(.constdata)
    Driver_ETH_PHY0                          0x080e9b98   Data          32  phy_lan8742a.o(.constdata)
    Driver_ETH_MAC0                          0x080e9c08   Data          68  emac_stm32f4xx.o(.constdata)
    Driver_SPI1                              0x080e9cfc   Data          44  spi_stm32f4xx.o(.constdata)
    Driver_SPI3                              0x080e9d28   Data          44  spi_stm32f4xx.o(.constdata)
    EventRecorderInfo                        0x080e9d54   Data          24  eventrecorder.o(.constdata)
    AHBPrescTable                            0x080e9d74   Data          16  system_stm32f4xx.o(.constdata)
    APBPrescTable                            0x080e9d84   Data           8  system_stm32f4xx.o(.constdata)
    net_sys_config                           0x080e9e14   Data          28  net_config.o(.constdata)
    net_eth0_if_config                       0x080e9e88   Data          44  net_config.o(.constdata)
    net_eth_list                             0x080e9ed4   Data           8  net_config.o(.constdata)
    net_if_list_lan                          0x080e9edc   Data           8  net_config.o(.constdata)
    net_if_list_all                          0x080e9ee4   Data           8  net_config.o(.constdata)
    net_if_inet_def                          0x080e9eec   Data           8  net_config.o(.constdata)
    net_if_link_def                          0x080e9ef4   Data           8  net_config.o(.constdata)
    net_arp_list                             0x080e9efc   Data           8  net_config.o(.constdata)
    net_icmp_list                            0x080e9f04   Data           8  net_config.o(.constdata)
    net_igmp_list                            0x080e9f0c   Data           8  net_config.o(.constdata)
    net_ndp_list                             0x080e9f14   Data           4  net_config.o(.constdata)
    net_icmp6_list                           0x080e9f18   Data           4  net_config.o(.constdata)
    net_udp_config                           0x080e9f1c   Data          12  net_config.o(.constdata)
    net_tcp_config                           0x080e9f28   Data          24  net_config.o(.constdata)
    net_http_config                          0x080e9f40   Data          52  net_config.o(.constdata)
    net_sntp_config                          0x080e9f74   Data           8  net_config.o(.constdata)
    net_sys_fn_uninit                        0x080e9fcc   Data          44  net_config.o(.constdata)
    netif_getopt_func                        0x080e9ff8   Data          16  net_config.o(.constdata)
    netif_setopt_func                        0x080ea008   Data          16  net_config.o(.constdata)
    net_loop_if_config                       0x080ea020   Data          44  net_loopback.o(.constdata)
    net_http_auth_basic_func                 0x080ea15c   Data          24  net_http_server_auth.o(.constdata)
    net_ping_payload                         0x080ea174   Data          18  net_ping_core.o(.constdata)
    net_addr_unspec                          0x080ea186   Data          16  net_addr.o(.constdata)
    net_addr_bcast                           0x080ea196   Data           6  net_addr.o(.constdata)
    net_addr4_loopback                       0x080ea19c   Data           4  net_ip4.o(.constdata)
    net_addr6_all_nodes                      0x080ea1a0   Data          16  net_ip6.o(.constdata)
    net_addr6_loopback                       0x080ea1b0   Data          16  net_ip6.o(.constdata)
    net_http_error                           0x080ea1c0   Data          24  net_http_server_err.o(.constdata)
    net_lib_version                          0x080ea278   Data           4  net_version.o(.constdata)
    network_ip4ip6_debug_v7.15.0             0x080ea278   Data           4  net_version.o(.constdata)
    osRtxConfig                              0x080ea668   Data         112  rtx_lib.o(.rodata)
    os_cb_sections                           0x080ea6d8   Data          56  rtx_lib.o(.rodata)
    Region$$Table$$Base                      0x080ea710   Number         0  anon$$obj.o(Region$$Table)
    Region$$Table$$Limit                     0x080ea740   Number         0  anon$$obj.o(Region$$Table)
    .bss.os.msgqueue.cb$$Base                0x20008044   Number         0  rtx_lib.o(.bss.os.msgqueue.cb)
    .bss.os.msgqueue.cb$$Limit               0x20008078   Number         0  rtx_lib.o(.bss.os.msgqueue.cb)
    .bss.os.mutex.cb$$Base                   0x200080c8   Number         0  net_config.o(.bss.os.mutex.cb)
    .bss.os.mutex.cb$$Limit                  0x20008100   Number         0  net_config.o(.bss.os.mutex.cb)
    .bss.os.semaphore.cb$$Base               0x20008100   Number         0  net_config.o(.bss.os.semaphore.cb)
    .bss.os.semaphore.cb$$Limit              0x20008110   Number         0  net_config.o(.bss.os.semaphore.cb)
    .bss.os.thread.cb$$Base                  0x20008110   Number         0  rtx_lib.o(.bss.os.thread.cb)
    .bss.os.thread.cb$$Limit                 0x20008220   Number         0  net_config.o(.bss.os.thread.cb)
    .bss.os.timer.cb$$Base                   0x20008620   Number         0  net_config.o(.bss.os.timer.cb)
    .bss.os.timer.cb$$Limit                  0x20008640   Number         0  net_config.o(.bss.os.timer.cb)
    LEDrun                                   0x20008648   Data           1  http_server.o(.data)
    LCDrun                                   0x20008649   Data           1  http_server.o(.data)
    lcd_text                                 0x2000864a   Data          42  http_server.o(.data)
    TID_Display                              0x20008674   Data           4  http_server.o(.data)
    TID_Led                                  0x20008678   Data           4  http_server.o(.data)
    TID_AlarmRTC                             0x2000867c   Data           4  http_server.o(.data)
    positionL1                               0x20008684   Data           4  lcd_1.o(.data)
    positionL2                               0x20008688   Data           4  lcd_1.o(.data)
    SPIdrv                                   0x2000868c   Data           4  lcd_1.o(.data)
    sec                                      0x20008690   Data           4  sntp.o(.data)
    sntp_hour                                0x20008694   Data           1  sntp.o(.data)
    tid_ThreadSNTP                           0x20008698   Data           4  sntp.o(.data)
    tid_ThreadPulsacion                      0x2000869c   Data           4  button.o(.data)
    hour_summer                              0x200086a0   Data           1  button.o(.data)
    sdatestructure                           0x200086a1   Data           4  rtc_1.o(.data)
    sdatestructureget                        0x200086a5   Data           4  rtc_1.o(.data)
    alarm                                    0x200086a9   Data           1  rtc_1.o(.data)
    CardUID                                  0x200086ac   Data           5  rc522.o(.data)
    tim_RC522                                0x200086b8   Data           4  rc522.o(.data)
    TID_RC522                                0x200086c0   Data           4  rc522.o(.data)
    SPI3drv                                  0x200086c8   Data           4  spi.o(.data)
    ITM_RxBuffer                             0x200086cc   Data           4  retarget_io.o(.data)
    uwTick                                   0x200086d0   Data           4  stm32f4xx_hal.o(.data)
    uwTickPrio                               0x200086d4   Data           4  stm32f4xx_hal.o(.data)
    uwTickFreq                               0x200086d8   Data           1  stm32f4xx_hal.o(.data)
    SystemCoreClock                          0x200086dc   Data           4  system_stm32f4xx.o(.data)
    net_eth0_igmp_control                    0x200086ee   Data           4  net_igmp.o(.data)
    net_eth0_icmp_control                    0x200086f8   Data           1  net_icmp.o(.data)
    __stdout                                 0x2000871c   Data           4  stdout.o(.data)
    __stderr                                 0x20008720   Data           4  stderr.o(.data)
    osRtxInfo                                0x20008724   Data         164  rtx_kernel.o(.data.os)
    app_main_stk                             0x20008800   Data        1024  http_server.o(.bss)
    GPIO_InitStruct_LCD                      0x20008c18   Data          20  lcd_1.o(.bss)
    TIM7_Handler                             0x20008c2c   Data          64  lcd_1.o(.bss)
    buffer                                   0x20008c6c   Data         512  lcd_1.o(.bss)
    SNTP                                     0x20008e6c   Data          44  sntp.o(.bss)
    hadc                                     0x20008e98   Data          72  adc.o(.bss)
    GPIO_InitStruct_Button                   0x20008ee0   Data          20  button.o(.bss)
    RtcHandle                                0x20008ef4   Data          32  rtc_1.o(.bss)
    stimestructure                           0x20008f14   Data          20  rtc_1.o(.bss)
    stimestructureget                        0x20008f28   Data          20  rtc_1.o(.bss)
    RtcAlarm                                 0x20008f3c   Data          40  rtc_1.o(.bss)
    showtime                                 0x20008f64   Data          20  rtc_1.o(.bss)
    showdate                                 0x20008f78   Data          20  rtc_1.o(.bss)
    net_eth0_if_control                      0x2000f080   Data         160  net_eth.o(.bss)
    net_eth0_arp_control                     0x2000f120   Data          24  net_arp.o(.bss)
    net_http_control                         0x2000f1d8   Data          20  net_http_server.o(.bss)
    net_sntp_control                         0x2000f1ec   Data          44  net_sntp_client_core.o(.bss)
    net_ping_control                         0x2000f218   Data          44  net_ping_core.o(.bss)
    net_sys_control                          0x2000f254   Data          28  net_sys.o(.bss)
    net_dbg_buf                              0x2000f27c   Data          36  net_sys.o(.bss)
    __initial_sp                             0x2000f740   Data           0  startup_stm32f429xx.o(STACK)



==============================================================================

Memory Map of the image

  Image Entry point : 0x080001ad

  Load Region LR_IROM1 (Base: 0x08000000, Size: 0x000f2f08, Max: 0x00200000, ABSOLUTE, COMPRESSED[0x000ea888])

    Execution Region ER_IROM1 (Exec base: 0x08000000, Load base: 0x08000000, Size: 0x000ea740, Max: 0x00200000, ABSOLUTE)

    Exec Addr    Load Addr    Size         Type   Attr      Idx    E Section Name        Object

    0x08000000   0x08000000   0x000001ac   Data   RO         1689    RESET               startup_stm32f429xx.o
    0x080001ac   0x080001ac   0x00000000   Code   RO         2796  * .ARM.Collect$$$$00000000  mc_w.l(entry.o)
    0x080001ac   0x080001ac   0x00000004   Code   RO         3098    .ARM.Collect$$$$00000001  mc_w.l(entry2.o)
    0x080001b0   0x080001b0   0x00000004   Code   RO         3101    .ARM.Collect$$$$00000004  mc_w.l(entry5.o)
    0x080001b4   0x080001b4   0x00000000   Code   RO         3103    .ARM.Collect$$$$00000008  mc_w.l(entry7b.o)
    0x080001b4   0x080001b4   0x00000000   Code   RO         3105    .ARM.Collect$$$$0000000A  mc_w.l(entry8b.o)
    0x080001b4   0x080001b4   0x00000008   Code   RO         3106    .ARM.Collect$$$$0000000B  mc_w.l(entry9a.o)
    0x080001bc   0x080001bc   0x00000004   Code   RO         3113    .ARM.Collect$$$$0000000E  mc_w.l(entry12b.o)
    0x080001c0   0x080001c0   0x00000000   Code   RO         3108    .ARM.Collect$$$$0000000F  mc_w.l(entry10a.o)
    0x080001c0   0x080001c0   0x00000000   Code   RO         3110    .ARM.Collect$$$$00000011  mc_w.l(entry11a.o)
    0x080001c0   0x080001c0   0x00000004   Code   RO         3099    .ARM.Collect$$$$00002712  mc_w.l(entry2.o)
    0x080001c4   0x080001c4   0x00000148   Code   RO          810    .emb_text           rtx_mempool.o
    0x0800030c   0x0800030c   0x00000148   Code   RO          841    .emb_text           rtx_msgqueue.o
    0x08000454   0x08000454   0x00000148   Code   RO          906    .emb_text           rtx_semaphore.o
    0x0800059c   0x0800059c   0x00000148   Code   RO          937    .emb_text           rtx_system.o
    0x080006e4   0x080006e4   0x00000148   Code   RO          971    .emb_text           rtx_thread.o
    0x0800082c   0x0800082c   0x00000074   Code   RO         1183    .emb_text           eventrecorder.o
    0x080008a0   0x080008a0   0x0000070c   Code   RO            4    .text               http_server_cgi.o
    0x08000fac   0x08000fac   0x000001b8   Code   RO          188    .text               http_server.o
    0x08001164   0x08001164   0x0000014c   Code   RO          249    .text               main.o
    0x080012b0   0x080012b0   0x00000088   Code   RO          289    .text               web.o
    0x08001338   0x08001338   0x00000498   Code   RO          307    .text               lcd_1.o
    0x080017d0   0x080017d0   0x0000017c   Code   RO          340    .text               sntp.o
    0x0800194c   0x0800194c   0x0000013c   Code   RO          370    .text               adc.o
    0x08001a88   0x08001a88   0x000000ec   Code   RO          397    .text               leds_1.o
    0x08001b74   0x08001b74   0x000000b8   Code   RO          423    .text               button.o
    0x08001c2c   0x08001c2c   0x000001c0   Code   RO          451    .text               rtc_1.o
    0x08001dec   0x08001dec   0x00000674   Code   RO          479    .text               rc522.o
    0x08002460   0x08002460   0x00000088   Code   RO          507    .text               spi.o
    0x080024e8   0x080024e8   0x00000134   Code   RO          535    .text               gpio.o
    0x0800261c   0x0800261c   0x00000094   Code   RO          558    .text               irq_armv7m.o
    0x080026b0   0x080026b0   0x0000011c   Code   RO          566    .text               rtx_delay.o
    0x080027cc   0x080027cc   0x00000dd8   Code   RO          664    .text               rtx_evr.o
    0x080035a4   0x080035a4   0x000008b0   Code   RO          689    .text               rtx_kernel.o
    0x08003e54   0x08003e54   0x000000f6   Code   RO          737    .text               rtx_lib.o
    0x08003f4a   0x08003f4a   0x000001de   Code   RO          780    .text               rtx_memory.o
    0x08004128   0x08004128   0x000007a4   Code   RO          811    .text               rtx_mempool.o
    0x080048cc   0x080048cc   0x00000b88   Code   RO          842    .text               rtx_msgqueue.o
    0x08005454   0x08005454   0x00000644   Code   RO          876    .text               rtx_mutex.o
    0x08005a98   0x08005a98   0x00000532   Code   RO          907    .text               rtx_semaphore.o
    0x08005fca   0x08005fca   0x00000002   PAD
    0x08005fcc   0x08005fcc   0x000001bc   Code   RO          938    .text               rtx_system.o
    0x08006188   0x08006188   0x0000150c   Code   RO          972    .text               rtx_thread.o
    0x08007694   0x08007694   0x00000538   Code   RO         1006    .text               rtx_timer.o
    0x08007bcc   0x08007bcc   0x000000dc   Code   RO         1036    .text               os_systick.o
    0x08007ca8   0x08007ca8   0x00000024   Code   RO         1062    .text               rtx_config.o
    0x08007ccc   0x08007ccc   0x00000224   Code   RO         1083    .text               phy_lan8742a.o
    0x08007ef0   0x08007ef0   0x00000d0c   Code   RO         1110    .text               emac_stm32f4xx.o
    0x08008bfc   0x08008bfc   0x000010ac   Code   RO         1148    .text               spi_stm32f4xx.o
    0x08009ca8   0x08009ca8   0x000005f8   Code   RO         1184    .text               eventrecorder.o
    0x0800a2a0   0x0800a2a0   0x00000128   Code   RO         1215    .text               retarget_io.o
    0x0800a3c8   0x0800a3c8   0x00000210   Code   RO         1247    .text               stm32f4xx_hal.o
    0x0800a5d8   0x0800a5d8   0x00000ca8   Code   RO         1277    .text               stm32f4xx_hal_adc.o
    0x0800b280   0x0800b280   0x00000894   Code   RO         1301    .text               stm32f4xx_hal_adc_ex.o
    0x0800bb14   0x0800bb14   0x00000384   Code   RO         1325    .text               stm32f4xx_hal_cortex.o
    0x0800be98   0x0800be98   0x000008b0   Code   RO         1353    .text               stm32f4xx_hal_dma.o
    0x0800c748   0x0800c748   0x000003e4   Code   RO         1402    .text               stm32f4xx_hal_gpio.o
    0x0800cb2c   0x0800cb2c   0x000001dc   Code   RO         1426    .text               stm32f4xx_hal_pwr.o
    0x0800cd08   0x0800cd08   0x00000934   Code   RO         1474    .text               stm32f4xx_hal_rcc.o
    0x0800d63c   0x0800d63c   0x00000734   Code   RO         1498    .text               stm32f4xx_hal_rcc_ex.o
    0x0800dd70   0x0800dd70   0x00000b78   Code   RO         1522    .text               stm32f4xx_hal_rtc.o
    0x0800e8e8   0x0800e8e8   0x00000de6   Code   RO         1546    .text               stm32f4xx_hal_rtc_ex.o
    0x0800f6ce   0x0800f6ce   0x00000002   PAD
    0x0800f6d0   0x0800f6d0   0x00002b72   Code   RO         1618    .text               stm32f4xx_hal_tim.o
    0x08012242   0x08012242   0x00000002   PAD
    0x08012244   0x08012244   0x00000e84   Code   RO         1642    .text               stm32f4xx_hal_tim_ex.o
    0x080130c8   0x080130c8   0x00000024   Code   RO         1690    .text               startup_stm32f429xx.o
    0x080130ec   0x080130ec   0x000000c0   Code   RO         1697    .text               system_stm32f4xx.o
    0x080131ac   0x080131ac   0x00000168   Code   RO         1725    .text               net_config.o
    0x08013314   0x08013314   0x00000150   Code   RO         1777    .text               net_debug.o
    0x08013464   0x08013464   0x00000062   Code   RO         2805    .text               mc_w.l(uldiv.o)
    0x080134c6   0x080134c6   0x00000002   PAD
    0x080134c8   0x080134c8   0x00000094   Code   RO         2807    .text               mc_w.l(localtime.o)
    0x0801355c   0x0801355c   0x00000024   Code   RO         2811    .text               mc_w.l(memcpya.o)
    0x08013580   0x08013580   0x00000024   Code   RO         2813    .text               mc_w.l(memseta.o)
    0x080135a4   0x080135a4   0x0000000e   Code   RO         2815    .text               mc_w.l(strlen.o)
    0x080135b2   0x080135b2   0x0000001c   Code   RO         2817    .text               mc_w.l(strcmp.o)
    0x080135ce   0x080135ce   0x0000001a   Code   RO         2819    .text               mc_w.l(memcmp.o)
    0x080135e8   0x080135e8   0x00000012   Code   RO         2821    .text               mc_w.l(strcpy.o)
    0x080135fa   0x080135fa   0x0000001e   Code   RO         2823    .text               mc_w.l(strncmp.o)
    0x08013618   0x08013618   0x00000064   Code   RO         3088    .text               mf_w.l(fmul.o)
    0x0801367c   0x0801367c   0x0000007c   Code   RO         3090    .text               mf_w.l(fdiv.o)
    0x080136f8   0x080136f8   0x000000de   Code   RO         3092    .text               mf_w.l(ddiv.o)
    0x080137d6   0x080137d6   0x0000000a   Code   RO         3094    .text               mf_w.l(ffltui.o)
    0x080137e0   0x080137e0   0x00000026   Code   RO         3096    .text               mf_w.l(f2d.o)
    0x08013806   0x08013806   0x0000002c   Code   RO         3114    .text               mc_w.l(uidiv.o)
    0x08013832   0x08013832   0x0000001e   Code   RO         3116    .text               mc_w.l(llshl.o)
    0x08013850   0x08013850   0x00000020   Code   RO         3118    .text               mc_w.l(llushr.o)
    0x08013870   0x08013870   0x00000000   Code   RO         3120    .text               mc_w.l(iusefp.o)
    0x08013870   0x08013870   0x0000006e   Code   RO         3121    .text               mf_w.l(fepilogue.o)
    0x080138de   0x080138de   0x000000ba   Code   RO         3123    .text               mf_w.l(depilogue.o)
    0x08013998   0x08013998   0x0000014e   Code   RO         3125    .text               mf_w.l(dadd.o)
    0x08013ae6   0x08013ae6   0x000000e4   Code   RO         3127    .text               mf_w.l(dmul.o)
    0x08013bca   0x08013bca   0x00000030   Code   RO         3129    .text               mf_w.l(dfixul.o)
    0x08013bfa   0x08013bfa   0x00000002   PAD
    0x08013bfc   0x08013bfc   0x00000030   Code   RO         3131    .text               mf_w.l(cdrcmple.o)
    0x08013c2c   0x08013c2c   0x00000024   Code   RO         3133    .text               mc_w.l(init.o)
    0x08013c50   0x08013c50   0x00000024   Code   RO         3135    .text               mc_w.l(llsshr.o)
    0x08013c74   0x08013c74   0x00000056   Code   RO         3144    .text               mc_w.l(__dczerorl2.o)
    0x08013cca   0x08013cca   0x00000002   PAD
    0x08013ccc   0x08013ccc   0x00000020   Code   RO         3060    i.__0printf         mc_w.l(printfa.o)
    0x08013cec   0x08013cec   0x00000028   Code   RO         3062    i.__0sprintf        mc_w.l(printfa.o)
    0x08013d14   0x08013d14   0x0000000e   Code   RO         3138    i.__scatterload_copy  mc_w.l(handlers.o)
    0x08013d22   0x08013d22   0x00000002   Code   RO         3139    i.__scatterload_null  mc_w.l(handlers.o)
    0x08013d24   0x08013d24   0x0000000e   Code   RO         3140    i.__scatterload_zeroinit  mc_w.l(handlers.o)
    0x08013d32   0x08013d32   0x00000002   PAD
    0x08013d34   0x08013d34   0x00000184   Code   RO         3067    i._fp_digits        mc_w.l(printfa.o)
    0x08013eb8   0x08013eb8   0x000006b4   Code   RO         3068    i._printf_core      mc_w.l(printfa.o)
    0x0801456c   0x0801456c   0x00000024   Code   RO         3069    i._printf_post_padding  mc_w.l(printfa.o)
    0x08014590   0x08014590   0x0000002e   Code   RO         3070    i._printf_pre_padding  mc_w.l(printfa.o)
    0x080145be   0x080145be   0x0000000a   Code   RO         3072    i._sputc            mc_w.l(printfa.o)
    0x080145c8   0x080145c8   0x00000054   Code   RO         2195    i.add_server_id     Net_Dbg_CM3_L.lib(net_http_server.o)
    0x0801461c   0x0801461c   0x0000005c   Code   RO         1863    i.arp_cache_alloc   Net_Dbg_CM3_L.lib(net_arp.o)
    0x08014678   0x08014678   0x00000170   Code   RO         1864    i.arp_cache_run     Net_Dbg_CM3_L.lib(net_arp.o)
    0x080147e8   0x080147e8   0x00000038   Code   RO         1865    i.arp_is_cacheable  Net_Dbg_CM3_L.lib(net_arp.o)
    0x08014820   0x08014820   0x00000088   Code   RO         1866    i.arp_probe_run     Net_Dbg_CM3_L.lib(net_arp.o)
    0x080148a8   0x080148a8   0x000000d8   Code   RO         1868    i.arp_proc_response  Net_Dbg_CM3_L.lib(net_arp.o)
    0x08014980   0x08014980   0x0000001a   Code   RO         1869    i.arp_que_free      Net_Dbg_CM3_L.lib(net_arp.o)
    0x0801499a   0x0801499a   0x00000002   PAD
    0x0801499c   0x0801499c   0x000000a0   Code   RO         1870    i.arp_send_reply    Net_Dbg_CM3_L.lib(net_arp.o)
    0x08014a3c   0x08014a3c   0x000000d0   Code   RO         1871    i.arp_send_request  Net_Dbg_CM3_L.lib(net_arp.o)
    0x08014b0c   0x08014b0c   0x00000068   Code   RO         1872    i.arp_sender_valid  Net_Dbg_CM3_L.lib(net_arp.o)
    0x08014b74   0x08014b74   0x0000018c   Code   RO         2196    i.chk_post_req      Net_Dbg_CM3_L.lib(net_http_server.o)
    0x08014d00   0x08014d00   0x00000028   Code   RO         2710    i.crc32_8bit        Net_Dbg_CM3_L.lib(net_common.o)
    0x08014d28   0x08014d28   0x0000009a   Code   RO         1807    i.eth_check_link    Net_Dbg_CM3_L.lib(net_eth.o)
    0x08014dc2   0x08014dc2   0x00000002   PAD
    0x08014dc4   0x08014dc4   0x00000020   Code   RO         1808    i.eth_if_map        Net_Dbg_CM3_L.lib(net_eth.o)
    0x08014de4   0x08014de4   0x00000304   Code   RO         1809    i.eth_iface_init    Net_Dbg_CM3_L.lib(net_eth.o)
    0x080150e8   0x080150e8   0x00000290   Code   RO         1810    i.eth_iface_run     Net_Dbg_CM3_L.lib(net_eth.o)
    0x08015378   0x08015378   0x0000007c   Code   RO         1811    i.eth_iface_uninit  Net_Dbg_CM3_L.lib(net_eth.o)
    0x080153f4   0x080153f4   0x00000008   Code   RO         1812    i.eth_lock          Net_Dbg_CM3_L.lib(net_eth.o)
    0x080153fc   0x080153fc   0x0000001c   Code   RO         1813    i.eth_mtu_limit     Net_Dbg_CM3_L.lib(net_eth.o)
    0x08015418   0x08015418   0x00000048   Code   RO         1814    i.eth_opt_len       Net_Dbg_CM3_L.lib(net_eth.o)
    0x08015460   0x08015460   0x00000088   Code   RO         1815    i.eth_receive       Net_Dbg_CM3_L.lib(net_eth.o)
    0x080154e8   0x080154e8   0x00000008   Code   RO         1816    i.eth_unlock        Net_Dbg_CM3_L.lib(net_eth.o)
    0x080154f0   0x080154f0   0x00000018   Code   RO         2799    i.fputs             mc_w.l(fputs.o)
    0x08015508   0x08015508   0x00000028   Code   RO         2197    i.get_next_field    Net_Dbg_CM3_L.lib(net_http_server.o)
    0x08015530   0x08015530   0x00000032   Code   RO         2198    i.get_next_par      Net_Dbg_CM3_L.lib(net_http_server.o)
    0x08015562   0x08015562   0x00000022   Code   RO         2199    i.hex2byte          Net_Dbg_CM3_L.lib(net_http_server.o)
    0x08015584   0x08015584   0x0000036c   Code   RO         2200    i.http_add_header   Net_Dbg_CM3_L.lib(net_http_server.o)
    0x080158f0   0x080158f0   0x00000050   Code   RO         2320    i.http_auth_basic_add  Net_Dbg_CM3_L.lib(net_http_server_auth.o)
    0x08015940   0x08015940   0x00000090   Code   RO         2321    i.http_auth_basic_parse  Net_Dbg_CM3_L.lib(net_http_server_auth.o)
    0x080159d0   0x080159d0   0x00000002   Code   RO         2327    i.http_auth_dummy   Net_Dbg_CM3_L.lib(net_http_server_auth.o)
    0x080159d2   0x080159d2   0x00000002   PAD
    0x080159d4   0x080159d4   0x00000024   Code   RO         2328    i.http_auth_init    Net_Dbg_CM3_L.lib(net_http_server_auth.o)
    0x080159f8   0x080159f8   0x000001cc   Code   RO         2201    i.http_error_msg    Net_Dbg_CM3_L.lib(net_http_server.o)
    0x08015bc4   0x08015bc4   0x00000078   Code   RO         2202    i.http_get_ftype    Net_Dbg_CM3_L.lib(net_http_server.o)
    0x08015c3c   0x08015c3c   0x0000005e   Code   RO         2203    i.http_kill_session  Net_Dbg_CM3_L.lib(net_http_server.o)
    0x08015c9a   0x08015c9a   0x00000002   PAD
    0x08015c9c   0x08015c9c   0x000002a8   Code   RO         2204    i.http_listener     Net_Dbg_CM3_L.lib(net_http_server.o)
    0x08015f44   0x08015f44   0x00000184   Code   RO         2205    i.http_open_file    Net_Dbg_CM3_L.lib(net_http_server.o)
    0x080160c8   0x080160c8   0x0000011c   Code   RO         2206    i.http_parse_header  Net_Dbg_CM3_L.lib(net_http_server.o)
    0x080161e4   0x080161e4   0x000001a8   Code   RO         2207    i.http_proc_multipart  Net_Dbg_CM3_L.lib(net_http_server.o)
    0x0801638c   0x0801638c   0x00000138   Code   RO         2208    i.http_proc_post    Net_Dbg_CM3_L.lib(net_http_server.o)
    0x080164c4   0x080164c4   0x00000468   Code   RO         2209    i.http_server_run   Net_Dbg_CM3_L.lib(net_http_server.o)
    0x0801692c   0x0801692c   0x00000060   Code   RO         2210    i.http_server_start  Net_Dbg_CM3_L.lib(net_http_server.o)
    0x0801698c   0x0801698c   0x00000020   Code   RO         2212    i.http_strcpy       Net_Dbg_CM3_L.lib(net_http_server.o)
    0x080169ac   0x080169ac   0x000000ac   Code   RO         2213    i.http_to_utc       Net_Dbg_CM3_L.lib(net_http_server.o)
    0x08016a58   0x08016a58   0x0000001a   Code   RO         2711    i.i2str             Net_Dbg_CM3_L.lib(net_common.o)
    0x08016a72   0x08016a72   0x00000002   PAD
    0x08016a74   0x08016a74   0x0000009c   Code   RO         1930    i.igmp_host_run     Net_Dbg_CM3_L.lib(net_igmp.o)
    0x08016b10   0x08016b10   0x00000024   Code   RO         1931    i.igmp_map_group    Net_Dbg_CM3_L.lib(net_igmp.o)
    0x08016b34   0x08016b34   0x00000070   Code   RO         1932    i.igmp_send_report  Net_Dbg_CM3_L.lib(net_igmp.o)
    0x08016ba4   0x08016ba4   0x0000000c   Code   RO         2588    i.ip4_get_chksum    Net_Dbg_CM3_L.lib(net_ip4.o)
    0x08016bb0   0x08016bb0   0x00000028   Code   RO         2589    i.ip4_get_mtu       Net_Dbg_CM3_L.lib(net_ip4.o)
    0x08016bd8   0x08016bd8   0x00000040   Code   RO         2451    i.ip4_ntoa          Net_Dbg_CM3_L.lib(net_addr.o)
    0x08016c18   0x08016c18   0x000000ca   Code   RO         2452    i.ip6_ntoa          Net_Dbg_CM3_L.lib(net_addr.o)
    0x08016ce2   0x08016ce2   0x00000002   PAD
    0x08016ce4   0x08016ce4   0x0000000c   Code   RO         2687    i.mem_lock          Net_Dbg_CM3_L.lib(net_mem.o)
    0x08016cf0   0x08016cf0   0x0000000c   Code   RO         2688    i.mem_unlock        Net_Dbg_CM3_L.lib(net_mem.o)
    0x08016cfc   0x08016cfc   0x000001a4   Code   RO         2181    i.nbns_listener     Net_Dbg_CM3_L.lib(net_nbns_client.o)
    0x08016ea0   0x08016ea0   0x00000120   Code   RO         2518    i.ndp_cache_add     Net_Dbg_CM3_L.lib(net_ndp.o)
    0x08016fc0   0x08016fc0   0x00000072   Code   RO         2519    i.ndp_cache_alloc   Net_Dbg_CM3_L.lib(net_ndp.o)
    0x08017032   0x08017032   0x00000002   PAD
    0x08017034   0x08017034   0x00000078   Code   RO         2520    i.ndp_cache_delete  Net_Dbg_CM3_L.lib(net_ndp.o)
    0x080170ac   0x080170ac   0x0000002c   Code   RO         2522    i.ndp_check_frame   Net_Dbg_CM3_L.lib(net_ndp.o)
    0x080170d8   0x080170d8   0x00000012   Code   RO         2523    i.ndp_next_opt      Net_Dbg_CM3_L.lib(net_ndp.o)
    0x080170ea   0x080170ea   0x00000002   PAD
    0x080170ec   0x080170ec   0x000000e4   Code   RO         2524    i.ndp_prefix_add    Net_Dbg_CM3_L.lib(net_ndp.o)
    0x080171d0   0x080171d0   0x000000fc   Code   RO         2527    i.ndp_proc_response  Net_Dbg_CM3_L.lib(net_ndp.o)
    0x080172cc   0x080172cc   0x0000001a   Code   RO         2528    i.ndp_que_free      Net_Dbg_CM3_L.lib(net_ndp.o)
    0x080172e6   0x080172e6   0x00000002   PAD
    0x080172e8   0x080172e8   0x00000038   Code   RO         2529    i.ndp_router_remove  Net_Dbg_CM3_L.lib(net_ndp.o)
    0x08017320   0x08017320   0x0000009c   Code   RO         2530    i.ndp_send_reply    Net_Dbg_CM3_L.lib(net_ndp.o)
    0x080173bc   0x080173bc   0x000000bc   Code   RO         2531    i.ndp_send_request  Net_Dbg_CM3_L.lib(net_ndp.o)
    0x08017478   0x08017478   0x00000004   Code   RO         2214    i.netCGI_Charset    Net_Dbg_CM3_L.lib(net_http_server.o)
    0x0801747c   0x0801747c   0x00000004   Code   RO         2215    i.netCGI_ContentType  Net_Dbg_CM3_L.lib(net_http_server.o)
    0x08017480   0x08017480   0x00000004   Code   RO         2216    i.netCGI_CustomHeader  Net_Dbg_CM3_L.lib(net_http_server.o)
    0x08017484   0x08017484   0x0000006c   Code   RO         2217    i.netCGI_GetEnvVar  Net_Dbg_CM3_L.lib(net_http_server.o)
    0x080174f0   0x080174f0   0x00000004   Code   RO         2220    i.netCGI_Redirect   Net_Dbg_CM3_L.lib(net_http_server.o)
    0x080174f4   0x080174f4   0x00000004   Code   RO         2222    i.netCGX_ContentType  Net_Dbg_CM3_L.lib(net_http_server.o)
    0x080174f8   0x080174f8   0x00000064   Code   RO         2401    i.netCore_Thread    Net_Dbg_CM3_L.lib(net_sys.o)
    0x0801755c   0x0801755c   0x00000002   Code   RO         1817    i.netETH_Notify     Net_Dbg_CM3_L.lib(net_eth.o)
    0x0801755e   0x0801755e   0x00000002   Code   RO         1818    i.netETH_ReceiveRaw  Net_Dbg_CM3_L.lib(net_eth.o)
    0x08017560   0x08017560   0x00000072   Code   RO         1820    i.netETH_Thread     Net_Dbg_CM3_L.lib(net_eth.o)
    0x080175d2   0x080175d2   0x00000004   Code   RO         2223    i.netHTTPs_AcceptClient  Net_Dbg_CM3_L.lib(net_http_server.o)
    0x080175d6   0x080175d6   0x00000004   Code   RO         2329    i.netHTTPs_CheckAccount  Net_Dbg_CM3_L.lib(net_http_server_auth.o)
    0x080175da   0x080175da   0x00000004   Code   RO         2225    i.netHTTPs_FileAccess  Net_Dbg_CM3_L.lib(net_http_server.o)
    0x080175de   0x080175de   0x00000002   PAD
    0x080175e0   0x080175e0   0x00000020   Code   RO         2228    i.netHTTPs_GetLanguage  Net_Dbg_CM3_L.lib(net_http_server.o)
    0x08017600   0x08017600   0x0000000c   Code   RO         2229    i.netHTTPs_GetPassword  Net_Dbg_CM3_L.lib(net_http_server.o)
    0x0801760c   0x0801760c   0x0000000c   Code   RO         2235    i.netHTTPs_LoginActive  Net_Dbg_CM3_L.lib(net_http_server.o)
    0x08017618   0x08017618   0x00000058   Code   RO         2238    i.netHTTPs_SetPassword  Net_Dbg_CM3_L.lib(net_http_server.o)
    0x08017670   0x08017670   0x00000088   Code   RO         2402    i.netIF_GetOption   Net_Dbg_CM3_L.lib(net_sys.o)
    0x080176f8   0x080176f8   0x00000084   Code   RO         2404    i.netIF_SetOption   Net_Dbg_CM3_L.lib(net_sys.o)
    0x0801777c   0x0801777c   0x0000001a   Code   RO         2454    i.netIP_aton        Net_Dbg_CM3_L.lib(net_addr.o)
    0x08017796   0x08017796   0x00000032   Code   RO         2455    i.netIP_ntoa        Net_Dbg_CM3_L.lib(net_addr.o)
    0x080177c8   0x080177c8   0x000000ac   Code   RO         2405    i.netInitialize     Net_Dbg_CM3_L.lib(net_sys.o)
    0x08017874   0x08017874   0x0000008c   Code   RO         2456    i.netMAC_aton       Net_Dbg_CM3_L.lib(net_addr.o)
    0x08017900   0x08017900   0x0000001c   Code   RO         2354    i.netSNTPc_GetTime  Net_Dbg_CM3_L.lib(net_sntp_client_core.o)
    0x0801791c   0x0801791c   0x00000004   Code   RO         2062    i.netTCP_GetLocalPort  Net_Dbg_CM3_L.lib(net_tcp.o)
    0x08017920   0x08017920   0x00000020   Code   RO         2064    i.netTCP_GetPeer    Net_Dbg_CM3_L.lib(net_tcp.o)
    0x08017940   0x08017940   0x00000004   Code   RO         2066    i.netTCP_GetState   Net_Dbg_CM3_L.lib(net_tcp.o)
    0x08017944   0x08017944   0x00000004   Code   RO         2067    i.netTCP_GetTimer   Net_Dbg_CM3_L.lib(net_tcp.o)
    0x08017948   0x08017948   0x0000007c   Code   RO         2458    i.net_addr4_aton    Net_Dbg_CM3_L.lib(net_addr.o)
    0x080179c4   0x080179c4   0x0000001e   Code   RO         2460    i.net_addr4_to_mac  Net_Dbg_CM3_L.lib(net_addr.o)
    0x080179e2   0x080179e2   0x00000002   PAD
    0x080179e4   0x080179e4   0x000000e6   Code   RO         2461    i.net_addr6_aton    Net_Dbg_CM3_L.lib(net_addr.o)
    0x08017aca   0x08017aca   0x00000028   Code   RO         2462    i.net_addr6_comp    Net_Dbg_CM3_L.lib(net_addr.o)
    0x08017af2   0x08017af2   0x00000012   Code   RO         2463    i.net_addr6_copy    Net_Dbg_CM3_L.lib(net_addr.o)
    0x08017b04   0x08017b04   0x0000004c   Code   RO         2464    i.net_addr6_create  Net_Dbg_CM3_L.lib(net_addr.o)
    0x08017b50   0x08017b50   0x00000028   Code   RO         2465    i.net_addr6_get_solicited  Net_Dbg_CM3_L.lib(net_addr.o)
    0x08017b78   0x08017b78   0x00000018   Code   RO         2466    i.net_addr6_is_linklocal  Net_Dbg_CM3_L.lib(net_addr.o)
    0x08017b90   0x08017b90   0x0000006e   Code   RO         2467    i.net_addr6_is_onlink  Net_Dbg_CM3_L.lib(net_addr.o)
    0x08017bfe   0x08017bfe   0x00000048   Code   RO         2468    i.net_addr6_is_solicited  Net_Dbg_CM3_L.lib(net_addr.o)
    0x08017c46   0x08017c46   0x00000018   Code   RO         2469    i.net_addr6_is_unspec  Net_Dbg_CM3_L.lib(net_addr.o)
    0x08017c5e   0x08017c5e   0x0000000e   Code   RO         2471    i.net_addr6_to_mac  Net_Dbg_CM3_L.lib(net_addr.o)
    0x08017c6c   0x08017c6c   0x0000002c   Code   RO         2472    i.net_addr_comp     Net_Dbg_CM3_L.lib(net_addr.o)
    0x08017c98   0x08017c98   0x00000026   Code   RO         2473    i.net_addr_copy     Net_Dbg_CM3_L.lib(net_addr.o)
    0x08017cbe   0x08017cbe   0x0000001a   Code   RO         2474    i.net_addr_find_route  Net_Dbg_CM3_L.lib(net_addr.o)
    0x08017cd8   0x08017cd8   0x00000020   Code   RO         2476    i.net_addr_get_local  Net_Dbg_CM3_L.lib(net_addr.o)
    0x08017cf8   0x08017cf8   0x00000022   Code   RO         2477    i.net_addr_is_unspec  Net_Dbg_CM3_L.lib(net_addr.o)
    0x08017d1a   0x08017d1a   0x00000002   PAD
    0x08017d1c   0x08017d1c   0x0000011c   Code   RO         1880    i.net_arp_cache_add  Net_Dbg_CM3_L.lib(net_arp.o)
    0x08017e38   0x08017e38   0x000000bc   Code   RO         1881    i.net_arp_cache_early  Net_Dbg_CM3_L.lib(net_arp.o)
    0x08017ef4   0x08017ef4   0x000000ec   Code   RO         1882    i.net_arp_cache_find  Net_Dbg_CM3_L.lib(net_arp.o)
    0x08017fe0   0x08017fe0   0x00000048   Code   RO         1883    i.net_arp_cache_init  Net_Dbg_CM3_L.lib(net_arp.o)
    0x08018028   0x08018028   0x0000001c   Code   RO         1884    i.net_arp_cache_run  Net_Dbg_CM3_L.lib(net_arp.o)
    0x08018044   0x08018044   0x00000040   Code   RO         1885    i.net_arp_cache_uninit  Net_Dbg_CM3_L.lib(net_arp.o)
    0x08018084   0x08018084   0x00000078   Code   RO         1886    i.net_arp_enqueue   Net_Dbg_CM3_L.lib(net_arp.o)
    0x080180fc   0x080180fc   0x00000020   Code   RO         1888    i.net_arp_notify    Net_Dbg_CM3_L.lib(net_arp.o)
    0x0801811c   0x0801811c   0x00000224   Code   RO         1890    i.net_arp_process   Net_Dbg_CM3_L.lib(net_arp.o)
    0x08018340   0x08018340   0x00000042   Code   RO         2712    i.net_atoi          Net_Dbg_CM3_L.lib(net_common.o)
    0x08018382   0x08018382   0x00000002   PAD
    0x08018384   0x08018384   0x00000078   Code   RO         2778    i.net_base64_decode  Net_Dbg_CM3_L.lib(net_base64.o)
    0x080183fc   0x080183fc   0x00000030   Code   RO         2714    i.net_chksum_buf    Net_Dbg_CM3_L.lib(net_common.o)
    0x0801842c   0x0801842c   0x0000001e   Code   RO         2715    i.net_crc_buf       Net_Dbg_CM3_L.lib(net_common.o)
    0x0801844a   0x0801844a   0x0000000e   Code   RO         1821    i.net_eth_callback  Net_Dbg_CM3_L.lib(net_eth.o)
    0x08018458   0x08018458   0x00000068   Code   RO         1822    i.net_eth_config_mcast  Net_Dbg_CM3_L.lib(net_eth.o)
    0x080184c0   0x080184c0   0x000000ea   Code   RO         1824    i.net_eth_get_option  Net_Dbg_CM3_L.lib(net_eth.o)
    0x080185aa   0x080185aa   0x00000002   PAD
    0x080185ac   0x080185ac   0x0000001c   Code   RO         1825    i.net_eth_iface_init  Net_Dbg_CM3_L.lib(net_eth.o)
    0x080185c8   0x080185c8   0x0000001c   Code   RO         1826    i.net_eth_iface_run  Net_Dbg_CM3_L.lib(net_eth.o)
    0x080185e4   0x080185e4   0x0000001c   Code   RO         1827    i.net_eth_iface_uninit  Net_Dbg_CM3_L.lib(net_eth.o)
    0x08018600   0x08018600   0x000000a8   Code   RO         1828    i.net_eth_output    Net_Dbg_CM3_L.lib(net_eth.o)
    0x080186a8   0x080186a8   0x000001e0   Code   RO         1829    i.net_eth_send_frame  Net_Dbg_CM3_L.lib(net_eth.o)
    0x08018888   0x08018888   0x00000270   Code   RO         1830    i.net_eth_set_option  Net_Dbg_CM3_L.lib(net_eth.o)
    0x08018af8   0x08018af8   0x000000e8   Code   RO         2244    i.net_http_server_init  Net_Dbg_CM3_L.lib(net_http_server.o)
    0x08018be0   0x08018be0   0x00000028   Code   RO         2245    i.net_http_server_run  Net_Dbg_CM3_L.lib(net_http_server.o)
    0x08018c08   0x08018c08   0x00000070   Code   RO         2246    i.net_http_server_uninit  Net_Dbg_CM3_L.lib(net_http_server.o)
    0x08018c78   0x08018c78   0x00000018   Code   RO         2660    i.net_icmp6_init    Net_Dbg_CM3_L.lib(net_icmp6.o)
    0x08018c90   0x08018c90   0x00000238   Code   RO         2661    i.net_icmp6_process  Net_Dbg_CM3_L.lib(net_icmp6.o)
    0x08018ec8   0x08018ec8   0x00000084   Code   RO         2662    i.net_icmp6_send    Net_Dbg_CM3_L.lib(net_icmp6.o)
    0x08018f4c   0x08018f4c   0x00000058   Code   RO         2663    i.net_icmp6_send_echo  Net_Dbg_CM3_L.lib(net_icmp6.o)
    0x08018fa4   0x08018fa4   0x00000018   Code   RO         1981    i.net_icmp_init     Net_Dbg_CM3_L.lib(net_icmp.o)
    0x08018fbc   0x08018fbc   0x000001c8   Code   RO         1982    i.net_icmp_process  Net_Dbg_CM3_L.lib(net_icmp.o)
    0x08019184   0x08019184   0x000000a0   Code   RO         1983    i.net_icmp_send_echo  Net_Dbg_CM3_L.lib(net_icmp.o)
    0x08019224   0x08019224   0x0000000c   Code   RO         2409    i.net_if_map_all    Net_Dbg_CM3_L.lib(net_sys.o)
    0x08019230   0x08019230   0x0000006c   Code   RO         1935    i.net_igmp_collect_mcast  Net_Dbg_CM3_L.lib(net_igmp.o)
    0x0801929c   0x0801929c   0x00000048   Code   RO         1936    i.net_igmp_host_init  Net_Dbg_CM3_L.lib(net_igmp.o)
    0x080192e4   0x080192e4   0x0000001c   Code   RO         1937    i.net_igmp_host_run  Net_Dbg_CM3_L.lib(net_igmp.o)
    0x08019300   0x08019300   0x00000038   Code   RO         1938    i.net_igmp_host_uninit  Net_Dbg_CM3_L.lib(net_igmp.o)
    0x08019338   0x08019338   0x00000020   Code   RO         1939    i.net_igmp_is_member  Net_Dbg_CM3_L.lib(net_igmp.o)
    0x08019358   0x08019358   0x000001ac   Code   RO         1940    i.net_igmp_process  Net_Dbg_CM3_L.lib(net_igmp.o)
    0x08019504   0x08019504   0x0000018c   Code   RO         2590    i.net_ip4_chk_frame  Net_Dbg_CM3_L.lib(net_ip4.o)
    0x08019690   0x08019690   0x0000002c   Code   RO         2591    i.net_ip4_chksum    Net_Dbg_CM3_L.lib(net_ip4.o)
    0x080196bc   0x080196bc   0x00000006   Code   RO         2592    i.net_ip4_chksum_buf  Net_Dbg_CM3_L.lib(net_ip4.o)
    0x080196c2   0x080196c2   0x00000002   PAD
    0x080196c4   0x080196c4   0x00000080   Code   RO         2594    i.net_ip4_find_route  Net_Dbg_CM3_L.lib(net_ip4.o)
    0x08019744   0x08019744   0x0000002c   Code   RO         2595    i.net_ip4_get_local  Net_Dbg_CM3_L.lib(net_ip4.o)
    0x08019770   0x08019770   0x00000024   Code   RO         2596    i.net_ip4_init      Net_Dbg_CM3_L.lib(net_ip4.o)
    0x08019794   0x08019794   0x00000020   Code   RO         2597    i.net_ip4_is_onlink  Net_Dbg_CM3_L.lib(net_ip4.o)
    0x080197b4   0x080197b4   0x00000026   Code   RO         2598    i.net_ip4_is_subcast  Net_Dbg_CM3_L.lib(net_ip4.o)
    0x080197da   0x080197da   0x0000000e   Code   RO         2599    i.net_ip4_reass_frame  Net_Dbg_CM3_L.lib(net_ip4.o)
    0x080197e8   0x080197e8   0x00000164   Code   RO         2600    i.net_ip4_send_frame  Net_Dbg_CM3_L.lib(net_ip4.o)
    0x0801994c   0x0801994c   0x0000002a   Code   RO         2602    i.net_ip4_tx_offl_hl  Net_Dbg_CM3_L.lib(net_ip4.o)
    0x08019976   0x08019976   0x00000002   PAD
    0x08019978   0x08019978   0x00000020   Code   RO         2603    i.net_ip4_uninit    Net_Dbg_CM3_L.lib(net_ip4.o)
    0x08019998   0x08019998   0x00000100   Code   RO         2628    i.net_ip6_chk_frame  Net_Dbg_CM3_L.lib(net_ip6.o)
    0x08019a98   0x08019a98   0x00000032   Code   RO         2629    i.net_ip6_chksum    Net_Dbg_CM3_L.lib(net_ip6.o)
    0x08019aca   0x08019aca   0x00000002   PAD
    0x08019acc   0x08019acc   0x0000007c   Code   RO         2630    i.net_ip6_collect_mcast  Net_Dbg_CM3_L.lib(net_ip6.o)
    0x08019b48   0x08019b48   0x00000048   Code   RO         2632    i.net_ip6_find_route  Net_Dbg_CM3_L.lib(net_ip6.o)
    0x08019b90   0x08019b90   0x00000054   Code   RO         2633    i.net_ip6_get_local  Net_Dbg_CM3_L.lib(net_ip6.o)
    0x08019be4   0x08019be4   0x0000001c   Code   RO         2634    i.net_ip6_init      Net_Dbg_CM3_L.lib(net_ip6.o)
    0x08019c00   0x08019c00   0x000000cc   Code   RO         2635    i.net_ip6_send_frame  Net_Dbg_CM3_L.lib(net_ip6.o)
    0x08019ccc   0x08019ccc   0x0000001e   Code   RO         2637    i.net_ip6_tx_offl_hl  Net_Dbg_CM3_L.lib(net_ip6.o)
    0x08019cea   0x08019cea   0x00000002   PAD
    0x08019cec   0x08019cec   0x0000001c   Code   RO         2638    i.net_ip6_uninit    Net_Dbg_CM3_L.lib(net_ip6.o)
    0x08019d08   0x08019d08   0x00000008   Code   RO         2716    i.net_itoa          Net_Dbg_CM3_L.lib(net_common.o)
    0x08019d10   0x08019d10   0x00000006   Code   RO         2718    i.net_itoa_n0       Net_Dbg_CM3_L.lib(net_common.o)
    0x08019d16   0x08019d16   0x00000002   PAD
    0x08019d18   0x08019d18   0x00000030   Code   RO         1963    i.net_loop_iface_init  Net_Dbg_CM3_L.lib(net_loopback.o)
    0x08019d48   0x08019d48   0x000000bc   Code   RO         1964    i.net_loop_iface_run  Net_Dbg_CM3_L.lib(net_loopback.o)
    0x08019e04   0x08019e04   0x00000028   Code   RO         1965    i.net_loop_iface_uninit  Net_Dbg_CM3_L.lib(net_loopback.o)
    0x08019e2c   0x08019e2c   0x00000070   Code   RO         1966    i.net_loop_send_frame  Net_Dbg_CM3_L.lib(net_loopback.o)
    0x08019e9c   0x08019e9c   0x000000c0   Code   RO         2689    i.net_mem_alloc     Net_Dbg_CM3_L.lib(net_mem.o)
    0x08019f5c   0x08019f5c   0x0000001c   Code   RO         2690    i.net_mem_avail     Net_Dbg_CM3_L.lib(net_mem.o)
    0x08019f78   0x08019f78   0x000000a4   Code   RO         2691    i.net_mem_free      Net_Dbg_CM3_L.lib(net_mem.o)
    0x0801a01c   0x0801a01c   0x00000070   Code   RO         2692    i.net_mem_init      Net_Dbg_CM3_L.lib(net_mem.o)
    0x0801a08c   0x0801a08c   0x00000048   Code   RO         2693    i.net_mem_shrink    Net_Dbg_CM3_L.lib(net_mem.o)
    0x0801a0d4   0x0801a0d4   0x00000064   Code   RO         2182    i.net_nbns_client_init  Net_Dbg_CM3_L.lib(net_nbns_client.o)
    0x0801a138   0x0801a138   0x00000038   Code   RO         2183    i.net_nbns_client_uninit  Net_Dbg_CM3_L.lib(net_nbns_client.o)
    0x0801a170   0x0801a170   0x000001c4   Code   RO         2539    i.net_ndp_cache_find  Net_Dbg_CM3_L.lib(net_ndp.o)
    0x0801a334   0x0801a334   0x00000078   Code   RO         2542    i.net_ndp_cache_refresh  Net_Dbg_CM3_L.lib(net_ndp.o)
    0x0801a3ac   0x0801a3ac   0x00000070   Code   RO         2545    i.net_ndp_enqueue   Net_Dbg_CM3_L.lib(net_ndp.o)
    0x0801a41c   0x0801a41c   0x00000374   Code   RO         2547    i.net_ndp_process   Net_Dbg_CM3_L.lib(net_ndp.o)
    0x0801a790   0x0801a790   0x00000038   Code   RO         2411    i.net_path          Net_Dbg_CM3_L.lib(net_sys.o)
    0x0801a7c8   0x0801a7c8   0x00000020   Code   RO         2382    i.net_ping_client_init  Net_Dbg_CM3_L.lib(net_ping_core.o)
    0x0801a7e8   0x0801a7e8   0x00000080   Code   RO         2383    i.net_ping_client_run  Net_Dbg_CM3_L.lib(net_ping_core.o)
    0x0801a868   0x0801a868   0x00000020   Code   RO         2385    i.net_ping_client_uninit  Net_Dbg_CM3_L.lib(net_ping_core.o)
    0x0801a888   0x0801a888   0x0000001c   Code   RO         2412    i.net_rand32        Net_Dbg_CM3_L.lib(net_sys.o)
    0x0801a8a4   0x0801a8a4   0x0000005c   Code   RO         2356    i.net_sntp_client_init  Net_Dbg_CM3_L.lib(net_sntp_client_core.o)
    0x0801a900   0x0801a900   0x00000058   Code   RO         2357    i.net_sntp_client_run  Net_Dbg_CM3_L.lib(net_sntp_client_core.o)
    0x0801a958   0x0801a958   0x00000148   Code   RO         2358    i.net_sntp_client_start  Net_Dbg_CM3_L.lib(net_sntp_client_core.o)
    0x0801aaa0   0x0801aaa0   0x00000020   Code   RO         2359    i.net_sntp_client_uninit  Net_Dbg_CM3_L.lib(net_sntp_client_core.o)
    0x0801aac0   0x0801aac0   0x0000002e   Code   RO         2719    i.net_strcasecmp    Net_Dbg_CM3_L.lib(net_common.o)
    0x0801aaee   0x0801aaee   0x00000016   Code   RO         2720    i.net_strchr        Net_Dbg_CM3_L.lib(net_common.o)
    0x0801ab04   0x0801ab04   0x0000001a   Code   RO         2721    i.net_strcmp        Net_Dbg_CM3_L.lib(net_common.o)
    0x0801ab1e   0x0801ab1e   0x00000012   Code   RO         2722    i.net_strcpy        Net_Dbg_CM3_L.lib(net_common.o)
    0x0801ab30   0x0801ab30   0x0000001c   Code   RO         2724    i.net_strnchr       Net_Dbg_CM3_L.lib(net_common.o)
    0x0801ab4c   0x0801ab4c   0x0000001a   Code   RO         2725    i.net_strncpy       Net_Dbg_CM3_L.lib(net_common.o)
    0x0801ab66   0x0801ab66   0x00000020   Code   RO         2726    i.net_strtoupper    Net_Dbg_CM3_L.lib(net_common.o)
    0x0801ab86   0x0801ab86   0x00000002   PAD
    0x0801ab88   0x0801ab88   0x0000000c   Code   RO         2413    i.net_sys_lock      Net_Dbg_CM3_L.lib(net_sys.o)
    0x0801ab94   0x0801ab94   0x00000016   Code   RO         2414    i.net_sys_resume    Net_Dbg_CM3_L.lib(net_sys.o)
    0x0801abaa   0x0801abaa   0x00000002   PAD
    0x0801abac   0x0801abac   0x00000014   Code   RO         2416    i.net_sys_tick      Net_Dbg_CM3_L.lib(net_sys.o)
    0x0801abc0   0x0801abc0   0x0000000c   Code   RO         2417    i.net_sys_unlock    Net_Dbg_CM3_L.lib(net_sys.o)
    0x0801abcc   0x0801abcc   0x00000020   Code   RO         2419    i.net_sys_wakeup    Net_Dbg_CM3_L.lib(net_sys.o)
    0x0801abec   0x0801abec   0x00000084   Code   RO         2074    i.net_tcp_abort     Net_Dbg_CM3_L.lib(net_tcp.o)
    0x0801ac70   0x0801ac70   0x000000e4   Code   RO         2077    i.net_tcp_close     Net_Dbg_CM3_L.lib(net_tcp.o)
    0x0801ad54   0x0801ad54   0x0000002e   Code   RO         2080    i.net_tcp_get_buf   Net_Dbg_CM3_L.lib(net_tcp.o)
    0x0801ad82   0x0801ad82   0x00000002   PAD
    0x0801ad84   0x0801ad84   0x00000034   Code   RO         2082    i.net_tcp_get_local_port  Net_Dbg_CM3_L.lib(net_tcp.o)
    0x0801adb8   0x0801adb8   0x00000028   Code   RO         2083    i.net_tcp_get_mss   Net_Dbg_CM3_L.lib(net_tcp.o)
    0x0801ade0   0x0801ade0   0x00000054   Code   RO         2085    i.net_tcp_get_peer  Net_Dbg_CM3_L.lib(net_tcp.o)
    0x0801ae34   0x0801ae34   0x00000070   Code   RO         2087    i.net_tcp_get_socket  Net_Dbg_CM3_L.lib(net_tcp.o)
    0x0801aea4   0x0801aea4   0x0000002c   Code   RO         2088    i.net_tcp_get_state  Net_Dbg_CM3_L.lib(net_tcp.o)
    0x0801aed0   0x0801aed0   0x00000034   Code   RO         2089    i.net_tcp_get_timer  Net_Dbg_CM3_L.lib(net_tcp.o)
    0x0801af04   0x0801af04   0x000000b0   Code   RO         2090    i.net_tcp_listen    Net_Dbg_CM3_L.lib(net_tcp.o)
    0x0801afb4   0x0801afb4   0x000007a8   Code   RO         2092    i.net_tcp_process   Net_Dbg_CM3_L.lib(net_tcp.o)
    0x0801b75c   0x0801b75c   0x0000015c   Code   RO         2096    i.net_tcp_send      Net_Dbg_CM3_L.lib(net_tcp.o)
    0x0801b8b8   0x0801b8b8   0x0000012c   Code   RO         2098    i.net_tcp_set_option  Net_Dbg_CM3_L.lib(net_tcp.o)
    0x0801b9e4   0x0801b9e4   0x00000028   Code   RO         2099    i.net_tcp_socket_init  Net_Dbg_CM3_L.lib(net_tcp.o)
    0x0801ba0c   0x0801ba0c   0x000003c0   Code   RO         2100    i.net_tcp_socket_run  Net_Dbg_CM3_L.lib(net_tcp.o)
    0x0801bdcc   0x0801bdcc   0x00000028   Code   RO         2101    i.net_tcp_socket_uninit  Net_Dbg_CM3_L.lib(net_tcp.o)
    0x0801bdf4   0x0801bdf4   0x00000048   Code   RO         2008    i.net_udp_close     Net_Dbg_CM3_L.lib(net_udp.o)
    0x0801be3c   0x0801be3c   0x0000002e   Code   RO         2011    i.net_udp_get_buf   Net_Dbg_CM3_L.lib(net_udp.o)
    0x0801be6a   0x0801be6a   0x00000002   PAD
    0x0801be6c   0x0801be6c   0x00000070   Code   RO         2014    i.net_udp_get_socket  Net_Dbg_CM3_L.lib(net_udp.o)
    0x0801bedc   0x0801bedc   0x000000ac   Code   RO         2016    i.net_udp_open      Net_Dbg_CM3_L.lib(net_udp.o)
    0x0801bf88   0x0801bf88   0x00000158   Code   RO         2017    i.net_udp_process   Net_Dbg_CM3_L.lib(net_udp.o)
    0x0801c0e0   0x0801c0e0   0x00000012   Code   RO         2019    i.net_udp_send      Net_Dbg_CM3_L.lib(net_udp.o)
    0x0801c0f2   0x0801c0f2   0x00000002   PAD
    0x0801c0f4   0x0801c0f4   0x0000022c   Code   RO         2020    i.net_udp_send_if   Net_Dbg_CM3_L.lib(net_udp.o)
    0x0801c320   0x0801c320   0x00000024   Code   RO         2022    i.net_udp_socket_init  Net_Dbg_CM3_L.lib(net_udp.o)
    0x0801c344   0x0801c344   0x00000024   Code   RO         2023    i.net_udp_socket_uninit  Net_Dbg_CM3_L.lib(net_udp.o)
    0x0801c368   0x0801c368   0x00000008   Code   RO         2727    i.net_ultoa         Net_Dbg_CM3_L.lib(net_common.o)
    0x0801c370   0x0801c370   0x00000030   Code   RO         2730    i.net_ultox         Net_Dbg_CM3_L.lib(net_common.o)
    0x0801c3a0   0x0801c3a0   0x0000004c   Code   RO         2731    i.net_xtoul         Net_Dbg_CM3_L.lib(net_common.o)
    0x0801c3ec   0x0801c3ec   0x0000001c   Code   RO         2386    i.ping_send_req     Net_Dbg_CM3_L.lib(net_ping_core.o)
    0x0801c408   0x0801c408   0x00000058   Code   RO         2248    i.proc_req_line     Net_Dbg_CM3_L.lib(net_http_server.o)
    0x0801c460   0x0801c460   0x000000a0   Code   RO         2249    i.read_script_line  Net_Dbg_CM3_L.lib(net_http_server.o)
    0x0801c500   0x0801c500   0x00000048   Code   RO         2250    i.search_delim      Net_Dbg_CM3_L.lib(net_http_server.o)
    0x0801c548   0x0801c548   0x000000fc   Code   RO         2360    i.sntp_listener     Net_Dbg_CM3_L.lib(net_sntp_client_core.o)
    0x0801c644   0x0801c644   0x0000003c   Code   RO         2361    i.sntp_send_message  Net_Dbg_CM3_L.lib(net_sntp_client_core.o)
    0x0801c680   0x0801c680   0x00000018   Code   RO         2363    i.sntp_stop         Net_Dbg_CM3_L.lib(net_sntp_client_core.o)
    0x0801c698   0x0801c698   0x00000018   Code   RO         2420    i.sys_map_if        Net_Dbg_CM3_L.lib(net_sys.o)
    0x0801c6b0   0x0801c6b0   0x0000004c   Code   RO         2421    i.sys_proc_tick     Net_Dbg_CM3_L.lib(net_sys.o)
    0x0801c6fc   0x0801c6fc   0x00000110   Code   RO         2102    i.tcp_map_socket    Net_Dbg_CM3_L.lib(net_tcp.o)
    0x0801c80c   0x0801c80c   0x00000084   Code   RO         2103    i.tcp_parse_opt     Net_Dbg_CM3_L.lib(net_tcp.o)
    0x0801c890   0x0801c890   0x0000011c   Code   RO         2104    i.tcp_proc_acknr    Net_Dbg_CM3_L.lib(net_tcp.o)
    0x0801c9ac   0x0801c9ac   0x000000ac   Code   RO         2105    i.tcp_proc_dupack   Net_Dbg_CM3_L.lib(net_tcp.o)
    0x0801ca58   0x0801ca58   0x0000001a   Code   RO         2106    i.tcp_que_free      Net_Dbg_CM3_L.lib(net_tcp.o)
    0x0801ca72   0x0801ca72   0x0000001a   Code   RO         2107    i.tcp_que_init      Net_Dbg_CM3_L.lib(net_tcp.o)
    0x0801ca8c   0x0801ca8c   0x000000ac   Code   RO         2108    i.tcp_que_resend    Net_Dbg_CM3_L.lib(net_tcp.o)
    0x0801cb38   0x0801cb38   0x00000090   Code   RO         2109    i.tcp_send_ctrl     Net_Dbg_CM3_L.lib(net_tcp.o)
    0x0801cbc8   0x0801cbc8   0x0000007c   Code   RO         2110    i.tcp_send_data     Net_Dbg_CM3_L.lib(net_tcp.o)
    0x0801cc44   0x0801cc44   0x00000090   Code   RO         2111    i.tcp_send_reset    Net_Dbg_CM3_L.lib(net_tcp.o)
    0x0801ccd4   0x0801ccd4   0x00000044   Code   RO         2112    i.tcp_set_cwnd      Net_Dbg_CM3_L.lib(net_tcp.o)
    0x0801cd18   0x0801cd18   0x00000074   Code   RO         2113    i.tcp_transit       Net_Dbg_CM3_L.lib(net_tcp.o)
    0x0801cd8c   0x0801cd8c   0x0000010c   Code   RO         2114    i.tcp_write         Net_Dbg_CM3_L.lib(net_tcp.o)
    0x0801ce98   0x0801ce98   0x0000002c   Code   RO         2024    i.udp_port_in_use   Net_Dbg_CM3_L.lib(net_udp.o)
    0x0801cec4   0x0801cec4   0x00000044   Code   RO         2732    i.ul2str            Net_Dbg_CM3_L.lib(net_common.o)
    0x0801cf08   0x0801cf08   0x00000124   Code   RO         2251    i.utc_to_http       Net_Dbg_CM3_L.lib(net_http_server.o)
    0x0801d02c   0x0801d02c   0x00000024   Data   RO          190    .constdata          http_server.o
    0x0801d050   0x0801d050   0x000cc158   Data   RO          290    .constdata          web.o
    0x080e91a8   0x080e91a8   0x00000960   Data   RO          309    .constdata          lcd_1.o
    0x080e9b08   0x080e9b08   0x00000008   Data   RO          342    .constdata          sntp.o
    0x080e9b10   0x080e9b10   0x00000018   Data   RO          398    .constdata          leds_1.o
    0x080e9b28   0x080e9b28   0x00000001   Data   RO          557    .constdata          irq_armv7m.o
    0x080e9b29   0x080e9b29   0x00000003   PAD
    0x080e9b2c   0x080e9b2c   0x00000068   Data   RO          744    .constdata          rtx_lib.o
    0x080e9b94   0x080e9b94   0x00000024   Data   RO         1085    .constdata          phy_lan8742a.o
    0x080e9bb8   0x080e9bb8   0x00000094   Data   RO         1112    .constdata          emac_stm32f4xx.o
    0x080e9c4c   0x080e9c4c   0x00000108   Data   RO         1150    .constdata          spi_stm32f4xx.o
    0x080e9d54   0x080e9d54   0x00000018   Data   RO         1186    .constdata          eventrecorder.o
    0x080e9d6c   0x080e9d6c   0x00000008   Data   RO         1354    .constdata          stm32f4xx_hal_dma.o
    0x080e9d74   0x080e9d74   0x00000018   Data   RO         1698    .constdata          system_stm32f4xx.o
    0x080e9d8c   0x080e9d8c   0x0000028c   Data   RO         1731    .constdata          net_config.o
    0x080ea018   0x080ea018   0x00000008   Data   RO         1941    .constdata          Net_Dbg_CM3_L.lib(net_igmp.o)
    0x080ea020   0x080ea020   0x0000002c   Data   RO         1967    .constdata          Net_Dbg_CM3_L.lib(net_loopback.o)
    0x080ea04c   0x080ea04c   0x0000000c   Data   RO         1968    .constdata          Net_Dbg_CM3_L.lib(net_loopback.o)
    0x080ea058   0x080ea058   0x00000008   Data   RO         2184    .constdata          Net_Dbg_CM3_L.lib(net_nbns_client.o)
    0x080ea060   0x080ea060   0x000000fa   Data   RO         2253    .constdata          Net_Dbg_CM3_L.lib(net_http_server.o)
    0x080ea15a   0x080ea15a   0x00000002   PAD
    0x080ea15c   0x080ea15c   0x00000018   Data   RO         2332    .constdata          Net_Dbg_CM3_L.lib(net_http_server_auth.o)
    0x080ea174   0x080ea174   0x00000012   Data   RO         2388    .constdata          Net_Dbg_CM3_L.lib(net_ping_core.o)
    0x080ea186   0x080ea186   0x00000010   Data   RO         2481    .constdata          Net_Dbg_CM3_L.lib(net_addr.o)
    0x080ea196   0x080ea196   0x00000006   Data   RO         2482    .constdata          Net_Dbg_CM3_L.lib(net_addr.o)
    0x080ea19c   0x080ea19c   0x00000004   Data   RO         2604    .constdata          Net_Dbg_CM3_L.lib(net_ip4.o)
    0x080ea1a0   0x080ea1a0   0x00000020   Data   RO         2639    .constdata          Net_Dbg_CM3_L.lib(net_ip6.o)
    0x080ea1c0   0x080ea1c0   0x00000018   Data   RO         2679    .constdata          Net_Dbg_CM3_L.lib(net_http_server_err.o)
    0x080ea1d8   0x080ea1d8   0x00000010   Data   RO         2733    .constdata          Net_Dbg_CM3_L.lib(net_common.o)
    0x080ea1e8   0x080ea1e8   0x00000090   Data   RO         2780    .constdata          Net_Dbg_CM3_L.lib(net_base64.o)
    0x080ea278   0x080ea278   0x00000004   Data   RO         2789    .constdata          Net_Dbg_CM3_L.lib(net_version.o)
    0x080ea27c   0x080ea27c   0x0000000c   Data   RO         2809    .constdata          mc_w.l(localtime.o)
    0x080ea288   0x080ea288   0x000000da   Data   RO            6    .conststring        http_server_cgi.o
    0x080ea362   0x080ea362   0x00000002   PAD
    0x080ea364   0x080ea364   0x000000f1   Data   RO         1732    .conststring        net_config.o
    0x080ea455   0x080ea455   0x00000003   PAD
    0x080ea458   0x080ea458   0x00000203   Data   RO         2680    .conststring        Net_Dbg_CM3_L.lib(net_http_server_err.o)
    0x080ea65b   0x080ea65b   0x00000001   PAD
    0x080ea65c   0x080ea65c   0x0000000b   Data   RO          690    .conststrlit        rtx_kernel.o
    0x080ea667   0x080ea667   0x00000001   PAD
    0x080ea668   0x080ea668   0x000000a8   Data   RO          745    .rodata             rtx_lib.o
    0x080ea710   0x080ea710   0x00000030   Data   RO         3137    Region$$Table       anon$$obj.o


    Execution Region RW_IRAM2 (Exec base: 0x10000000, Load base: 0x080ea888, Size: 0x000004a4, Max: 0x00010000, ABSOLUTE)

    Exec Addr    Load Addr    Size         Type   Attr      Idx    E Section Name        Object

    0x10000000        -       0x000004a4   Zero   RW         1185    .bss.noinit         eventrecorder.o


    Execution Region RW_IRAM1 (Exec base: 0x20000000, Load base: 0x080ea740, Size: 0x0000f740, Max: 0x00030000, ABSOLUTE, COMPRESSED[0x00000148])

    Exec Addr    Load Addr    Size         Type   Attr      Idx    E Section Name        Object

    0x20000000   COMPRESSED   0x00008040   Data   RW          738    .bss.os             rtx_lib.o
    0x20008040   COMPRESSED   0x00000001   Data   RW         1037    .bss.os             os_systick.o
    0x20008041   COMPRESSED   0x00000003   PAD
    0x20008044   COMPRESSED   0x00000034   Data   RW          739    .bss.os.msgqueue.cb  rtx_lib.o
    0x20008078   COMPRESSED   0x00000050   Data   RW          740    .bss.os.msgqueue.mem  rtx_lib.o
    0x200080c8   COMPRESSED   0x00000038   Data   RW         1727    .bss.os.mutex.cb    net_config.o
    0x20008100   COMPRESSED   0x00000010   Data   RW         1728    .bss.os.semaphore.cb  net_config.o
    0x20008110   COMPRESSED   0x00000088   Data   RW          741    .bss.os.thread.cb   rtx_lib.o
    0x20008198   COMPRESSED   0x00000088   Data   RW         1729    .bss.os.thread.cb   net_config.o
    0x20008220   COMPRESSED   0x00000200   Data   RW          742    .bss.os.thread.idle.stack  rtx_lib.o
    0x20008420   COMPRESSED   0x00000200   Data   RW          743    .bss.os.thread.timer.stack  rtx_lib.o
    0x20008620   COMPRESSED   0x00000020   Data   RW         1730    .bss.os.timer.cb    net_config.o
    0x20008640   COMPRESSED   0x00000008   Data   RW            7    .data               http_server_cgi.o
    0x20008648   COMPRESSED   0x00000038   Data   RW          191    .data               http_server.o
    0x20008680   COMPRESSED   0x00000004   Data   RW          250    .data               main.o
    0x20008684   COMPRESSED   0x0000000c   Data   RW          310    .data               lcd_1.o
    0x20008690   COMPRESSED   0x0000000c   Data   RW          343    .data               sntp.o
    0x2000869c   COMPRESSED   0x00000005   Data   RW          425    .data               button.o
    0x200086a1   COMPRESSED   0x00000009   Data   RW          453    .data               rtc_1.o
    0x200086aa   COMPRESSED   0x00000002   PAD
    0x200086ac   COMPRESSED   0x0000001b   Data   RW          480    .data               rc522.o
    0x200086c7   COMPRESSED   0x00000001   PAD
    0x200086c8   COMPRESSED   0x00000004   Data   RW          508    .data               spi.o
    0x200086cc   COMPRESSED   0x00000004   Data   RW         1216    .data               retarget_io.o
    0x200086d0   COMPRESSED   0x00000009   Data   RW         1248    .data               stm32f4xx_hal.o
    0x200086d9   COMPRESSED   0x00000003   PAD
    0x200086dc   COMPRESSED   0x00000004   Data   RW         1699    .data               system_stm32f4xx.o
    0x200086e0   COMPRESSED   0x0000000e   Data   RW         1733    .data               net_config.o
    0x200086ee   COMPRESSED   0x00000004   Data   RW         1942    .data               Net_Dbg_CM3_L.lib(net_igmp.o)
    0x200086f2   COMPRESSED   0x00000002   PAD
    0x200086f4   COMPRESSED   0x00000004   Data   RW         1969    .data               Net_Dbg_CM3_L.lib(net_loopback.o)
    0x200086f8   COMPRESSED   0x00000001   Data   RW         1984    .data               Net_Dbg_CM3_L.lib(net_icmp.o)
    0x200086f9   COMPRESSED   0x00000001   PAD
    0x200086fa   COMPRESSED   0x00000002   Data   RW         2026    .data               Net_Dbg_CM3_L.lib(net_udp.o)
    0x200086fc   COMPRESSED   0x00000004   Data   RW         2117    .data               Net_Dbg_CM3_L.lib(net_tcp.o)
    0x20008700   COMPRESSED   0x00000001   Data   RW         2185    .data               Net_Dbg_CM3_L.lib(net_nbns_client.o)
    0x20008701   COMPRESSED   0x00000003   PAD
    0x20008704   COMPRESSED   0x0000000c   Data   RW         2254    .data               Net_Dbg_CM3_L.lib(net_http_server.o)
    0x20008710   COMPRESSED   0x00000008   Data   RW         2605    .data               Net_Dbg_CM3_L.lib(net_ip4.o)
    0x20008718   COMPRESSED   0x00000004   Data   RW         2641    .data               Net_Dbg_CM3_L.lib(net_ip6.o)
    0x2000871c   COMPRESSED   0x00000004   Data   RW         2803    .data               mc_w.l(stdout.o)
    0x20008720   COMPRESSED   0x00000004   Data   RW         2804    .data               mc_w.l(stderr.o)
    0x20008724   COMPRESSED   0x000000a4   Data   RW          691    .data.os            rtx_kernel.o
    0x200087c8        -       0x00000038   Zero   RW            5    .bss                http_server_cgi.o
    0x20008800        -       0x00000418   Zero   RW          189    .bss                http_server.o
    0x20008c18        -       0x00000254   Zero   RW          308    .bss                lcd_1.o
    0x20008e6c        -       0x0000002c   Zero   RW          341    .bss                sntp.o
    0x20008e98        -       0x00000048   Zero   RW          371    .bss                adc.o
    0x20008ee0        -       0x00000014   Zero   RW          424    .bss                button.o
    0x20008ef4        -       0x00000098   Zero   RW          452    .bss                rtc_1.o
    0x20008f8c        -       0x00000014   Zero   RW          536    .bss                gpio.o
    0x20008fa0        -       0x0000000c   Zero   RW         1084    .bss                phy_lan8742a.o
    0x20008fac        -       0x000024cc   Zero   RW         1111    .bss                emac_stm32f4xx.o
    0x2000b478        -       0x00000058   Zero   RW         1149    .bss                spi_stm32f4xx.o
    0x2000b4d0        -       0x00003bb0   Zero   RW         1726    .bss                net_config.o
    0x2000f080        -       0x000000a0   Zero   RW         1831    .bss                Net_Dbg_CM3_L.lib(net_eth.o)
    0x2000f120        -       0x00000018   Zero   RW         1891    .bss                Net_Dbg_CM3_L.lib(net_arp.o)
    0x2000f138        -       0x0000001c   Zero   RW         2025    .bss                Net_Dbg_CM3_L.lib(net_udp.o)
    0x2000f154        -       0x00000098   Zero   RW         2252    .bss                Net_Dbg_CM3_L.lib(net_http_server.o)
    0x2000f1ec        -       0x0000002c   Zero   RW         2364    .bss                Net_Dbg_CM3_L.lib(net_sntp_client_core.o)
    0x2000f218        -       0x0000002c   Zero   RW         2387    .bss                Net_Dbg_CM3_L.lib(net_ping_core.o)
    0x2000f244        -       0x00000038   Zero   RW         2422    .bss                Net_Dbg_CM3_L.lib(net_sys.o)
    0x2000f27c        -       0x00000024   Zero   RW         2423    .bss                Net_Dbg_CM3_L.lib(net_sys.o)
    0x2000f2a0        -       0x0000005c   Zero   RW         2480    .bss                Net_Dbg_CM3_L.lib(net_addr.o)
    0x2000f2fc        -       0x00000014   Zero   RW         2695    .bss                Net_Dbg_CM3_L.lib(net_mem.o)
    0x2000f310        -       0x0000002c   Zero   RW         2808    .bss                mc_w.l(localtime.o)
    0x2000f33c   COMPRESSED   0x00000004   PAD
    0x2000f340        -       0x00000400   Zero   RW         1687    STACK               startup_stm32f429xx.o


==============================================================================

Image component sizes


      Code (inc. data)   RO Data    RW Data    ZI Data      Debug   Object Name

       316         16          0          0         72       2043   adc.o
       184         26          0          5         20       1941   button.o
      3340        204        148          0       9420      47094   emac_stm32f4xx.o
      1644         42         24          0       1188      16908   eventrecorder.o
       308         22          0          0         20       1074   gpio.o
       440         72         36         56       1048       8467   http_server.o
      1804        266        218          8         56     814218   http_server_cgi.o
       148          8          1          0          0        672   irq_armv7m.o
      1176         66       2400         12        596       4382   lcd_1.o
       236         12         24          0          0       2301   leds_1.o
       332         36          0          4          0       2482   main.o
       360         26        893        254      15280      32315   net_config.o
       336          0          0          0          0        862   net_debug.o
       220         14          0          1          0       1948   os_systick.o
       548          8         36          0         12       6826   phy_lan8742a.o
      1652         80          0         27          0       7497   rc522.o
       296         60          0          4          0       4263   retarget_io.o
       448         84          0          9        152       2554   rtc_1.o
        36          6          0          0          0        703   rtx_config.o
       284         12          0          0          0      17890   rtx_delay.o
      3544        106          0          0          0      52793   rtx_evr.o
      2224        100         11        164          0      27456   rtx_kernel.o
       246          0        272      34124          0       9999   rtx_lib.o
       478          0          0          0          0       3003   rtx_memory.o
      2284         46          0          0          0      15220   rtx_mempool.o
      3280         60          0          0          0      23576   rtx_msgqueue.o
      1604         30          0          0          0       9902   rtx_mutex.o
      1658         34          0          0          0      12040   rtx_semaphore.o
       772         20          0          0          0       8373   rtx_system.o
      5716        146          0          0          0      31835   rtx_thread.o
      1336         36          0          0          0      10161   rtx_timer.o
       380        168          8         12         44       1793   sntp.o
       136         20          0          4          0       1264   spi.o
      4268        118        264          0         88      46555   spi_stm32f4xx.o
        36          8        428          0       1024        868   startup_stm32f429xx.o
       528         46          0          9          0      11407   stm32f4xx_hal.o
      3240        100          0          0          0       8647   stm32f4xx_hal_adc.o
      2196         52          0          0          0       6554   stm32f4xx_hal_adc_ex.o
       900         20          0          0          0      36086   stm32f4xx_hal_cortex.o
      2224         28          8          0          0       7125   stm32f4xx_hal_dma.o
       996         52          0          0          0       3691   stm32f4xx_hal_gpio.o
       476         22          0          0          0       3579   stm32f4xx_hal_pwr.o
      2356         70          0          0          0       5427   stm32f4xx_hal_rcc.o
      1844         66          0          0          0       4113   stm32f4xx_hal_rcc_ex.o
      2936         26          0          0          0       8257   stm32f4xx_hal_rtc.o
      3558         22          0          0          0      12961   stm32f4xx_hal_rtc_ex.o
     11122        182          0          0          0      34980   stm32f4xx_hal_tim.o
      3716         68          0          0          0      13272   stm32f4xx_hal_tim_ex.o
       192         20         24          4          0       1761   system_stm32f4xx.o
       136          8     835928          0          0       1780   web.o

    ----------------------------------------------------------------------
     78496       2734     840780      34706      29020    1390918   Object Totals
         0          0         48          0          0          0   (incl. Generated)
         6          0          9          9          0          0   (incl. Padding)

    ----------------------------------------------------------------------

      Code (inc. data)   RO Data    RW Data    ZI Data      Debug   Library Member Name

      1458         18         22          0         92       1624   net_addr.o
      2938        152          0          0         24       1628   net_arp.o
       120          6        144          0          0         84   net_base64.o
       622         10         16          0          0       1340   net_common.o
      3816        150          0          0        160       1756   net_eth.o
      6946       1282        250         12        152       2940   net_http_server.o
       266         66         24          0          0        368   net_http_server_auth.o
         0          0        539          0          0          0   net_http_server_err.o
       640         48          0          1          0        236   net_icmp.o
       812         60          0          0          0        332   net_icmp6.o
      1028         54          8          4          0        760   net_igmp.o
      1220         92          4          8          0       1032   net_ip4.o
       876         80         32          4          0        720   net_ip6.o
       388         36         56          4          0        336   net_loopback.o
       592         64          0          0         20        564   net_mem.o
       576         58          8          1          0        268   net_nbns_client.o
      3058        106          0          0          0       1404   net_ndp.o
       220         40         18          0         44        300   net_ping_core.o
       904         78          0          0         44        664   net_sntp_client_core.o
       834         84          0          0         92       1012   net_sys.o
      6606        292          0          4          0       2808   net_tcp.o
      1436         88          0          2         28        852   net_udp.o
         0          0          4          0          0          0   net_version.o
        86          0          0          0          0          0   __dczerorl2.o
         0          0          0          0          0          0   entry.o
         0          0          0          0          0          0   entry10a.o
         0          0          0          0          0          0   entry11a.o
         4          0          0          0          0          0   entry12b.o
         8          4          0          0          0          0   entry2.o
         4          0          0          0          0          0   entry5.o
         0          0          0          0          0          0   entry7b.o
         0          0          0          0          0          0   entry8b.o
         8          4          0          0          0          0   entry9a.o
        24          0          0          0          0         80   fputs.o
        30          0          0          0          0          0   handlers.o
        36          8          0          0          0         68   init.o
         0          0          0          0          0          0   iusefp.o
        30          0          0          0          0         68   llshl.o
        36          0          0          0          0         68   llsshr.o
        32          0          0          0          0         68   llushr.o
       148         10         12          0         44         76   localtime.o
        26          0          0          0          0         80   memcmp.o
        36          0          0          0          0         68   memcpya.o
        36          0          0          0          0        108   memseta.o
      2268         96          0          0          0        616   printfa.o
         0          0          0          4          0          0   stderr.o
         0          0          0          4          0          0   stdout.o
        28          0          0          0          0         76   strcmp.o
        18          0          0          0          0         68   strcpy.o
        14          0          0          0          0         68   strlen.o
        30          0          0          0          0         80   strncmp.o
        44          0          0          0          0         80   uidiv.o
        98          0          0          0          0         92   uldiv.o
        48          0          0          0          0         68   cdrcmple.o
       334          0          0          0          0        148   dadd.o
       222          0          0          0          0        100   ddiv.o
       186          0          0          0          0        176   depilogue.o
        48          0          0          0          0         68   dfixul.o
       228          0          0          0          0         96   dmul.o
        38          0          0          0          0         68   f2d.o
       124          0          0          0          0         88   fdiv.o
       110          0          0          0          0        168   fepilogue.o
        10          0          0          0          0         68   ffltui.o
       100          0          0          0          0         76   fmul.o

    ----------------------------------------------------------------------
     39904       2986       1140         54        704      23916   Library Totals
        56          0          3          6          4          0   (incl. Padding)

    ----------------------------------------------------------------------

      Code (inc. data)   RO Data    RW Data    ZI Data      Debug   Library Name

     35356       2864       1125         40        656      21028   Net_Dbg_CM3_L.lib
      3044        122         12          8         44       1764   mc_w.l
      1448          0          0          0          0       1124   mf_w.l

    ----------------------------------------------------------------------
     39904       2986       1140         54        704      23916   Library Totals

    ----------------------------------------------------------------------

==============================================================================


      Code (inc. data)   RO Data    RW Data    ZI Data      Debug   

    118400       5720     841920      34760      29724    1395618   Grand Totals
    118400       5720     841920        328      29724    1395618   ELF Image Totals (compressed)
    118400       5720     841920        328          0          0   ROM Totals

==============================================================================

    Total RO  Size (Code + RO Data)               960320 ( 937.81kB)
    Total RW  Size (RW Data + ZI Data)             64484 (  62.97kB)
    Total ROM Size (Code + RO Data + RW Data)     960648 ( 938.13kB)

==============================================================================

